[responsimart.com/index.html]
[connect.facebook.net/en_US/fbevents.js]
[responsimart.com/cdn/shop/files/Favicon_2_2_96x968327.png]
[backblue.gif]
[fade.gif]
[index.html]
[responsimart.com/cdn/shop/t/5/assets/theme.mind6a0.css]
[responsimart.com/cdn/shop/t/5/assets/twitter-descriptionba2a.js]
[responsimart.com/cdn/fonts/inter/inter_n4.481bd4d19704ca98fb1d3abd50c668b6962860a243bc.woff2]
[responsimart.com/cdn/fonts/inter/inter_n6.e443e28dc0f8869f8e2f4fa978e895a4a075406f96ae.woff]
[responsimart.com/cdn/fonts/inter/inter_n4.5a356a4c1877691cd26008ee4a5c7ada675c80ce604e.woff]
[cdn.shopify.com/shopifycloud/storefront-recaptcha-v3/v0.6/index.js]
[responsimart.com/cdn/shopifycloud/shopify/assets/storefront/load_feature-ff40b52654bbbc620eacf0b8fe273674fae033bb16a385571661d73b97ffccb1.js]
[responsimart.com/cdn/shopifycloud/shopify/assets/storefront/features-1c0b396bd4d054b94abae1eb6a1bd6ba47beb35525c57a217c77a862ff06d83f.js]
[code.jquery.com/jquery-3.6.0.min.js]
[responsimart.com/cdn/shop/t/5/assets/theme.minb6e6.js]
[cdnjs.cloudflare.com/ajax/libs/font-awesome/6.0.0-beta3/css/all.min.css]
[responsimart.com/cdn/shop/t/5/assets/customd700.js]
[responsimart.com/POST]
[responsimart.com/cdn]
[responsimart.com/cdn/s/trekkie.storefront.d88aa5f007759294e4f3b66e32cebf97843d3efb.min.js]
[responsimart.com/cdn/shopifycloud/shopify/assets/shop_events_listener-a7c63dba65ccddc484f77541dc8ca437e60e1e9e297fe1c3faebf6523a0ede9b.js]
[responsimart.com/cdn/shopifycloud/boomerang/shopify-boomerang-1.0.0.min.js]
[responsimart.com/collections/all.html]
[responsimart.com/pages/rastreamento.html]
[responsimart.com/pages/duvidas-frequentes.html]
[responsimart.com/pages/contact.html]
[responsimart.com/collections.html]
[responsimart.com/collections/casa-e-cozinha.html]
[responsimart.com/collections/eletronicos.html]
[responsimart.com/collections/ferramentas.html]
[responsimart.com/collections/moda.html]
[responsimart.com/collections/saude-e-beleza.html]
[responsimart.com/collections/vestuario.html]
[responsimart.com/cdn/shop/files/Logo_header_3_185x@2x8327.png]
[responsimart.com/account/login.html]
[responsimart.com/account/register.html]
[responsimart.com/account/login4236.html]
[responsimart.com/cart.html]
[responsimart.com/cdn/shop/files/Aqui-voce-encontra---PC_1200x0c4c.png]
[responsimart.com/cdn/shop/files/Aqui-voce-encontra---MOBILE_800x0c4c.png]
[responsimart.com/cdn/shop/files/banner_site_com_mascote_1200x321a.png]
[responsimart.com/cdn/shop/files/As-melhores-ofertas---Mobile_800x0c4c.png]
[responsimart.com/cdn/shop/files/enviar_60x8f7b.svg]
[responsimart.com/cdn/shop/files/forma-de-pagamento_5_60x0371.svg]
[responsimart.com/cdn/shop/files/whatsapp_6_60x33cc.svg]
[responsimart.com/cdn/shop/files/caixa-de-devolucao_3_60x2085.svg]
[responsimart.com/products/fone-de-ouvido-de-conducao-ossea-brinco-bluetooth-sem-fio-fones-esportivo-celulares.html]
[responsimart.com/cdn/shop/files/Criativofones_fe173dcb-ec3d-42a8-8295-81efcdb86d1c_600x0f2e.png]
[responsimart.com/products/ar-condicionado-portatil-automotivo.html]
[responsimart.com/cdn/shop/products/mockupend_600x3dfc.png]
[responsimart.com/products/camera-lampada-inteligente.html]
[responsimart.com/cdn/shop/products/ezgif.com-gif-maker_3_600xf227.jpg]
[responsimart.com/products/caixa-de-som-ultra.html]
[responsimart.com/cdn/shop/products/Condu-o-ssea-alto-falante-bluetooth-tws-est-reo-duplo-canais-de-som-mini-caixa-de.jpg_640x640_1_600xaafc.jpg]
[responsimart.com/products/fone-de-ouvido-tws-bluetooth.html]
[responsimart.com/cdn/shop/products/product-image-1704084386_600x57bf.jpg]
[responsimart.com/products/fone-bluetooth-a-prova-dagua.html]
[responsimart.com/cdn/shop/products/product-image-1799773538_600x48ee.jpg]
[responsimart.com/products/escova-alisadora-5-em-1.html]
[responsimart.com/cdn/shop/products/UniversTech_600xd82e.jpg]
[responsimart.com/products/camera-automotiva.html]
[responsimart.com/cdn/shop/products/Rotacaode360graus_3_600xbe83.png]
[responsimart.com/cdn/shop/collections/Eletronicos_1_450x9b38.png]
[responsimart.com/cdn/shop/collections/Casa-e-Cozinha_450x62cb.png]
[responsimart.com/cdn/shop/collections/Moda_2_450xc7f3.png]
[responsimart.com/cdn/shop/collections/Ferramentas_1_450x9c45.png]
[responsimart.com/cdn/shop/collections/Saude-e-Beleza_450xe6ef.png]
[responsimart.com/collections/oculos.html]
[responsimart.com/cdn/shop/collections/Design_sem_nome_3_450x03ad.png]
[responsimart.com/products/parafusadeira-a-bateria-com-34-pecas-nize-titanium.html]
[responsimart.com/cdn/shop/products/Ae0c95ad34be74bd49861dc0b4a092c28L_600x438b.jpg]
[responsimart.com/products/bolsa-para-ferramenta-em-lona-c-8-bolsos-gamma.html]
[responsimart.com/cdn/shop/products/Ae9ff956626ac47bc84870361656ef4c4Q_600xd830.jpg]
[responsimart.com/products/kit-jogo-de-ferramentas-129-pecas.html]
[responsimart.com/cdn/shop/products/A6ff4920067b94cfd879c35f5e7516a532_600x83ce.jpg]
[responsimart.com/products/martelo-unha-magnetico.html]
[responsimart.com/cdn/shop/products/A38673c1e4a3f45a1ba2e7af2686cb1b1r_600x1324.jpg]
[responsimart.com/products/trena-nivel-a-laser.html]
[responsimart.com/cdn/shop/products/Hbcb320e88ff44960bb3355525f8a47afk_720x720_crop_center_b93eae72-633d-4d7f-a562-f324426f9733_600xe445.jpg]
[responsimart.com/cdn/shop/files/Pix-ou-Cartao---PC_1200x0c4c.png]
[responsimart.com/cdn/shop/files/Pix-ou-Cartao---Mobile_800x0c4c.png]
[responsimart.com/products/chinelos-femininos-plataforma-grossa-nuvem-sola-eva-macia-travesseiro-sandalias-verao-praia-flip-flops-femininos-antiderrapantes-banheiro-casa.html]
[responsimart.com/cdn/shop/files/S14cadccd4df24e5fa90ddb3eeedd48bbh_600x4c4d.jpg]
[responsimart.com/products/lige-2024-new-mens-watches-top-brand-luxury-brown-leather-casual-quartz-watch-men-sport-waterproof-clock-watch-relogio-masculino.html]
[responsimart.com/cdn/shop/files/S20912791d04c4573b46db6d484170851C_600x5da7.jpg]
[responsimart.com/products/vestido-feminino-patricia.html]
[responsimart.com/cdn/shop/products/vestido-feminino-patricia-encante-com-estilo-e-elegancia-miss-bella-store-1_600x0805.jpg]
[responsimart.com/products/vestido-feminino-sarita.html]
[responsimart.com/cdn/shop/products/vestido-feminino-sarita-estampa-floral-manga-curta-e-bolso-miss-bella-store-1_600x157c.jpg]
[responsimart.com/products/vestido-feminino-stanley.html]
[responsimart.com/cdn/shop/products/vestido-feminino-stanley-sinta-se-elegante-e-sofisticada-em-qualquer-ocasiao-miss-bella-store-1_600x0ede.jpg]
[cdnjs.cloudflare.com/ajax/libs/flickity/2.2.2/flickity.pkgd.min.js]
[responsimart.com/cdn/shop/t/5/assets/Logo-RD-tesmonycorrect_399x1049e89.png]
[responsimart.com/cdn/shop/files/Veja-nossas-redes_1_800x0e76.png]
[responsimart.com/cdn/shop/files/Compra-segura_1_800x293a.png]
[responsimart.com/cdn/shop/files/Siga-nos-no-Instagram_1_800x01ed.png]
[responsimart.com/policies/legal-notice.html]
[responsimart.com/policies/shipping-policy.html]
[responsimart.com/policies/terms-of-service.html]
[responsimart.com/pages/politica-de-cookies.html]
[responsimart.com/policies/refund-policy.html]
[responsimart.com/policies/privacy-policy.html]
[responsimart.com/pages/politica-de-troca-e-devolucoes.html]
[unpkg.com/ionicons@5.5.2/dist/ionicons/ionicons.esm.js]
[unpkg.com/ionicons@5.5.2/dist/ionicons/ionicons.js]
[www.mercadopago.com/v2/security.js]
[cdn.yampi.me/shopify/checkout.css]
[responsimart.com/3a7c1d-2.myshopify.com]
[responsimart.com/cart/clear.js]
[responsimart.com/GET]
[responsimart.com/cart1c80.html]
[responsimart.com/window.location.href]
[responsimart.com/url]
[cdn.shopify.com/extensions/5043bf1f-b21a-4b26-b729-edd0445f2ec6/bk-reviews-94/assets/bk-index-3b5b561d.css]
[cdn.shopify.com/extensions/5043bf1f-b21a-4b26-b729-edd0445f2ec6/bk-reviews-94/assets/bk-main-694d8d16.js]
[cdn.shopify.com/extensions/cb5fca0c-14a7-4ea9-b03f-5bb745455ec7/trustoo-io-product-reviews-53/assets/seal-review.min.js]
[cdn.shopify.com/extensions/cb5fca0c-14a7-4ea9-b03f-5bb745455ec7/trustoo-io-product-reviews-53/assets/star-rating.css]
[responsimart.com/index.html]
[responsimart.com/a]
[responsimart.com/b.resolvedLink]
[responsimart.com/schema.org/index.html]
[responsimart.com/signals/iwl.js]
[connect.facebook.net/en_US/fbevents.js]
[responsimart.com/cdn/shop/t/5/assets/theme.mind6a0.css]
[responsimart.com/cdn/fonts/inter/inter_n7.50ef4139896edec0637fde057914fbf7e3a8d56e9f98.woff2]
[shop.app/checkouts/internal/preloadse97d.js]
[cdnjs.cloudflare.com/ajax/libs/font-awesome/6.0.0-beta3/css/all.min.css]
[responsimart.com/POST.html]
[responsimart.com/cdn.html]
[responsimart.com/checkouts/internal/preloads4c33.js]
[responsimart.com/cdn/shop/t/5/assets/twitter-title4e12.js]
[responsimart.com/cdn/shop/products/S151f28d7abf84c86ad3b3ce89ef94b82g_500x_b98c1024-757d-4e87-b4fc-f1d3c1e4ec78e471.jpg]
[responsimart.com/cdn/shop/products/S151f28d7abf84c86ad3b3ce89ef94b82g_500x_b98c1024-757d-4e87-b4fc-f1d3c1e4ec78_600x600_crop_centere471.jpg]
[responsimart.com/collections/all.atom]
[responsimart.com/collections/all4658.html]
[responsimart.com/collections/POST]
[responsimart.com/products/5-pares-de-cilios-magneticos-reutilizaveis.html]
[responsimart.com/cdn/shop/products/S151f28d7abf84c86ad3b3ce89ef94b82g_500x_b98c1024-757d-4e87-b4fc-f1d3c1e4ec78_600xe471.jpg]
[responsimart.com/products/brocas-titanium-2-em-1.html]
[responsimart.com/cdn/shop/products/Sc6f5704ffd034c1bb54fd7d54733011fk_600xb092.jpg]
[responsimart.com/products/calca-masculina-jogger.html]
[responsimart.com/cdn/shop/products/Designsemnome_65_1_600xce2a.png]
[responsimart.com/products/calca-cargo-masculina-multi-bolso.html]
[responsimart.com/cdn/shop/products/25ccbd31-974f-4087-b30a-68b3ca3a42b2_f9e6f25c-6279-4a71-96a1-5bdee604a475_600x58ba.jpg]
[responsimart.com/products/calca-jeans-masculina.html]
[responsimart.com/cdn/shop/products/816bae9c-77f1-4dde-b451-fcaaf00b66ad_97a651a4-9951-42a9-82d1-aeb2b48155a7_600xf720.jpg]
[responsimart.com/products/camiseta-impermeavel-idry-1.html]
[responsimart.com/cdn/shop/files/Captura_de_Tela_2019-09-10_as_11.16.40_large_480x480_8d09f431-2389-4513-966f-40f066b9d0a4_600x68e9.jpg]
[responsimart.com/products/chave-universal-multifuncional.html]
[responsimart.com/cdn/shop/products/produto_112chaveuniversalmultifuncional48em1imagem1_600x4e53.jpg]
[responsimart.com/products/depilador-a-laser.html]
[responsimart.com/cdn/shop/products/2007201569_1_600x0224.jpg]
[responsimart.com/products/fruteira-de-mesa-com-suporte-de-bambu.html]
[responsimart.com/cdn/shop/products/H8601c1bd6d4c49fa843f07dccc462cd9L_600xe1a1.jpg]
[responsimart.com/products/inalador-nebulizador-portatil.html]
[responsimart.com/cdn/shop/products/nebulizador-_inalador-portatil-ultrassonico-e-silencioso-progressive1-7282ed019d5d96c3d616263164431957-640-0_600x8784.jpg]
[responsimart.com/products/interruptor-inteligente-smarttouch.html]
[responsimart.com/cdn/shop/products/Sc9627bfaa83841bca798500561b99840i_600x756f.jpg]
[responsimart.com/products/jaqueta-de-couro-masculina-confortavel.html]
[responsimart.com/cdn/shop/products/jpg_b1f15370-b4d0-41c0-ad8d-5fac4eb69fb2_600x3010.jpg]
[responsimart.com/products/jaqueta-de-couro-masculina-vintage.html]
[responsimart.com/cdn/shop/products/jpg_797bf602-7379-4c2f-bb21-5e1a29ffbd21_600x2cf6.jpg]
[responsimart.com/products/joelheira-magnetica.html]
[responsimart.com/cdn/shop/products/H9b7afa5095b54d6db7c544251bd168f1i_600xf931.jpg]
[responsimart.com/collections/3a7c1d-2.myshopify.com]
[responsimart.com/collections/GET]
[responsimart.com/collections/window.location.href]
[responsimart.com/collections/url]
[responsimart.com/collections/all.html]
[responsimart.com/pages/POST]
[rastreio.ninja/w/appec92.js]
[responsimart.com/pages/3a7c1d-2.myshopify.com]
[responsimart.com/pages/GET]
[responsimart.com/pages/window.location.href]
[responsimart.com/pages/url]
[responsimart.com/pages/rastreamento.html]
[responsimart.com/pages/duvidas-frequentes.html]
[responsimart.com/pages/contact.html]
[responsimart.com/collections.html]
[responsimart.com/cdn/shop/collections/Casa-e-Cozinha62cb.png]
[responsimart.com/cdn/shop/collections/Casa-e-Cozinha_600x600_crop_center62cb.png]
[responsimart.com/collections/casa-e-cozinha.atom]
[responsimart.com/collections/casa-e-cozinha.oembed]
[responsimart.com/products/porta-talheres-de-inox-para-pia.html]
[responsimart.com/cdn/shop/products/Sc03d4f37207d468aa93d20006e811272T_600x7d83.jpg]
[responsimart.com/products/organizador-de-cabos-e-tomadas.html]
[responsimart.com/cdn/shop/products/Sada842b75bac47eab332868ca0cb98581_600x889f.jpg]
[responsimart.com/products/saboneteira-para-banheiro.html]
[responsimart.com/cdn/shop/products/SaboneteiraMonumentalPremium1_600x2d83.jpg]
[responsimart.com/products/pano-magico.html]
[responsimart.com/products/triturador-de-alho.html]
[responsimart.com/cdn/shop/products/Hb1ad15ba51a044ba945cd07b61e2e2e1h_600xec61.jpg]
[responsimart.com/collections/casa-e-cozinha.html]
[responsimart.com/cdn/shop/collections/Eletronicos_19b38.png]
[responsimart.com/cdn/shop/collections/Eletronicos_1_600x600_crop_center9b38.png]
[responsimart.com/collections/eletronicos.atom]
[responsimart.com/collections/eletronicos.html]
[responsimart.com/collections/eletronicos.oembed]
[responsimart.com/cdn/shop/collections/Ferramentas_19c45.png]
[responsimart.com/cdn/shop/collections/Ferramentas_1_600x600_crop_center9c45.png]
[responsimart.com/collections/ferramentas.atom]
[responsimart.com/collections/ferramentas.html]
[responsimart.com/collections/ferramentas.oembed]
[responsimart.com/cdn/shop/collections/Moda_2c7f3.png]
[responsimart.com/cdn/shop/collections/Moda_2_600x600_crop_centerc7f3.png]
[responsimart.com/collections/moda.atom]
[responsimart.com/collections/moda.html]
[responsimart.com/collections/moda.oembed]
[responsimart.com/cdn/shop/collections/Saude-e-Belezae6ef.png]
[responsimart.com/cdn/shop/collections/Saude-e-Beleza_600x600_crop_centere6ef.png]
[responsimart.com/collections/saude-e-beleza.atom]
[responsimart.com/collections/saude-e-beleza.oembed]
[responsimart.com/products/kit-batom-labios-perfeitos.html]
[responsimart.com/cdn/shop/products/handaiyan-r-kit-labios-perfeitos-hidratante-e-anti-borrao-curso-de-automaquiagem-femme-brasil-1_600x7d86.jpg]
[responsimart.com/products/sombra-degrade-em-bastao.html]
[responsimart.com/cdn/shop/products/magicstick-r-sombra-degrade-em-bastao-femme-brasil-1_600x5ca1.png]
[responsimart.com/products/massageador-corporal-portatil-pague-1-e-leve-2.html]
[responsimart.com/cdn/shop/products/Sa97900ff3918419fb507c0d9bc876a51U_600xde91.jpg]
[responsimart.com/collections/saude-e-beleza.html]
[responsimart.com/cdn/shop/files/Captura_de_Tela_2019-09-10_as_11.16.40_large_480x480_8d09f431-2389-4513-966f-40f066b9d0a468e9.jpg]
[responsimart.com/cdn/shop/files/Captura_de_Tela_2019-09-10_as_11.16.40_large_480x480_8d09f431-2389-4513-966f-40f066b9d0a4_600x600_crop_center68e9.jpg]
[responsimart.com/collections/vestuario.atom]
[responsimart.com/collections/vestuario.html]
[responsimart.com/collections/vestuario.oembed]
[responsimart.com/account/POST]
[responsimart.com/account/3a7c1d-2.myshopify.com]
[responsimart.com/account/GET]
[responsimart.com/account/window.location.href]
[responsimart.com/account/url]
[responsimart.com/account/login.html]
[responsimart.com/account/register.html]
[responsimart.com/account/login4236.html]
[responsimart.com/cart.html]
[responsimart.com/cdn/shop/files/enviar_60x8f7b.svg]
[responsimart.com/cdn/shop/files/forma-de-pagamento_5_60x0371.svg]
[responsimart.com/cdn/shop/files/whatsapp_6_60x33cc.svg]
[responsimart.com/cdn/shop/files/caixa-de-devolucao_3_60x2085.svg]
[responsimart.com/cdn/shop/files/Criativofones_fe173dcb-ec3d-42a8-8295-81efcdb86d1c0f2e.png]
[responsimart.com/cdn/shop/files/Criativofones_fe173dcb-ec3d-42a8-8295-81efcdb86d1c_600x600_crop_center0f2e.png]
[responsimart.com/products/fone-de-ouvido-de-conducao-ossea-brinco-bluetooth-sem-fio-fones-esportivo-celulares.oembed]
[responsimart.com/products/POST]
[responsimart.com/cdn/shop/files/Criativofones_fe173dcb-ec3d-42a8-8295-81efcdb86d1c_800x0f2e.png]
[responsimart.com/cdn/shop/files/variant-image-cor-white-1_800x0f2e.jpg]
[responsimart.com/cdn/shop/files/variant-image-cor-black-2_800x0f2e.jpg]
[responsimart.com/cdn/shop/files/Criativofones_fe173dcb-ec3d-42a8-8295-81efcdb86d1c_1024x0f2e.png]
[responsimart.com/cdn/shop/files/variant-image-cor-white-1_1024x0f2e.jpg]
[responsimart.com/cdn/shop/files/variant-image-cor-black-2_1024x0f2e.jpg]
[ajax.googleapis.com/ajax/libs/jquery/1.9.1/jquery.min.js]
[responsimart.com/cdn/shop/t/5/assets/VISAdeed.png]
[responsimart.com/cdn/shop/t/5/assets/MASTERCARD205b.png]
[responsimart.com/cdn/shop/t/5/assets/ELO63e7.png]
[responsimart.com/cdn/shop/t/5/assets/AMEXe4b1.png]
[responsimart.com/cdn/shop/t/5/assets/HIPERCARD790a.png]
[responsimart.com/cdn/shop/t/5/assets/DISCOVER4919.png]
[responsimart.com/cdn/shop/t/5/assets/PIX3374.png]
[cdn.shopify.com/s/files/1/0856/2039/2255/files/Parametrosdoproduto494b.png]
[cdn.shopify.com/s/files/1/0856/2039/2255/files/QualidadedesomHIFi_Alto-FalantecomGrandeDiafragmaba2c.png]
[cdn.shopify.com/s/files/1/0856/2039/2255/files/SistemaIPX6AltoniiveldeImpermeabilidadeeResistenciaaPoeira6eb5.png]
[cdn.shopify.com/s/files/1/0856/2039/2255/files/AlgoritmoCVC_ReducaoInteligentedeRuido1495.png]
[cdn.shopify.com/s/files/1/0856/2039/2255/files/ControleInteligente_digaadeusasoperacoestediosas031d.png]
[cdn.shopify.com/s/files/1/0856/2039/2255/files/Conexaocomumtoque_semespera8157.png]
[cdn.shopify.com/s/files/1/0856/2039/2255/files/IndependentedeprioridadeBluetoothDuploHostDuploe354.png]
[cdn.shopify.com/s/files/1/0856/2039/2255/files/CompartimentodecarregamentoLEDcomVisorDigitalInteligente5407.png]
[cdn.shopify.com/s/files/1/0856/2039/2255/files/ExperienciadeCampoSonoro360_5584f40c-6ba3-4a73-959e-8cff3c0c406ff3d6.png]
[cdn.shopify.com/s/files/1/0856/2039/2255/files/CoresdisponiveisFONEaa6f.png]
[responsimart.com/products/3a7c1d-2.myshopify.com]
[responsimart.com/products/GET]
[responsimart.com/products/window.location.href]
[responsimart.com/products/url]
[responsimart.com/products/fone-de-ouvido-de-conducao-ossea-brinco-bluetooth-sem-fio-fones-esportivo-celulares.html]
[responsimart.com/cdn/shop/products/mockupend3dfc.png]
[responsimart.com/cdn/shop/products/mockupend_600x600_crop_center3dfc.png]
[responsimart.com/products/ar-condicionado-portatil-automotivo.oembed]
[responsimart.com/cdn/shop/products/mockupend_800x3dfc.png]
[responsimart.com/cdn/shop/products/titleimg2_800x3dfc.png]
[responsimart.com/cdn/shop/products/mockupend_1024x3dfc.png]
[responsimart.com/cdn/shop/products/titleimg2_1024x3dfc.png]
[responsimart.com/products/ar-condicionado-portatil-automotivo.html]
[responsimart.com/cdn/shop/products/ezgif.com-gif-maker_3f227.jpg]
[responsimart.com/cdn/shop/products/ezgif.com-gif-maker_3_600x600_crop_centerf227.jpg]
[responsimart.com/products/camera-lampada-inteligente.oembed]
[responsimart.com/cdn/shop/products/ezgif.com-gif-maker_3_800xf227.jpg]
[responsimart.com/cdn/shop/products/init2_800xf227.jpg]
[responsimart.com/cdn/shop/products/init3_800xf227.jpg]
[responsimart.com/cdn/shop/products/ezgif.com-gif-maker_3_1024xf227.jpg]
[responsimart.com/cdn/shop/products/init2_1024xf227.jpg]
[responsimart.com/cdn/shop/products/init3_1024xf227.jpg]
[responsimart.com/products/camera-lampada-inteligente.html]
[responsimart.com/cdn/shop/products/Condu-o-ssea-alto-falante-bluetooth-tws-est-reo-duplo-canais-de-som-mini-caixa-de.jpg_640x640_1aafc.jpg]
[responsimart.com/cdn/shop/products/Condu-o-ssea-alto-falante-bluetooth-tws-est-reo-duplo-canais-de-som-mini-caixa-de.jpg_640x640_1_600x600_crop_centeraafc.jpg]
[responsimart.com/products/caixa-de-som-ultra.oembed]
[responsimart.com/cdn/shop/products/Condu-o-ssea-alto-falante-bluetooth-tws-est-reo-duplo-canais-de-som-mini-caixa-de.jpg_640x640_1_800xaafc.jpg]
[responsimart.com/cdn/shop/products/Manual_800xaafc.jpg]
[responsimart.com/cdn/shop/products/Manual2_800xaafc.jpg]
[responsimart.com/cdn/shop/products/Condu-o-ssea-alto-falante-bluetooth-tws-est-reo-duplo-canais-de-som-mini-caixa-de.jpg_640x640_ce4abc2a-7e5a-4284-a523-3df514d4181a_800xaafc.jpg]
[responsimart.com/cdn/shop/products/Condu-o-ssea-alto-falante-bluetooth-tws-est-reo-duplo-canais-de-som-mini-caixa-de.jpg_640x640_5900e940-f9fb-4f77-8bac-729fbc1384ca_800xaafc.jpg]
[responsimart.com/cdn/shop/products/Condu-o-ssea-alto-falante-bluetooth-tws-est-reo-duplo-canais-de-som-mini-caixa-de.jpg_640x640_1_1024xaafc.jpg]
[responsimart.com/cdn/shop/products/Manual_1024xaafc.jpg]
[responsimart.com/cdn/shop/products/Manual2_1024xaafc.jpg]
[responsimart.com/cdn/shop/products/Condu-o-ssea-alto-falante-bluetooth-tws-est-reo-duplo-canais-de-som-mini-caixa-de.jpg_640x640_ce4abc2a-7e5a-4284-a523-3df514d4181a_1024xaafc.jpg]
[responsimart.com/cdn/shop/products/Condu-o-ssea-alto-falante-bluetooth-tws-est-reo-duplo-canais-de-som-mini-caixa-de.jpg_640x640_5900e940-f9fb-4f77-8bac-729fbc1384ca_1024xaafc.jpg]
[responsimart.com/products/caixa-de-som-ultra.html]
[responsimart.com/cdn/shop/products/product-image-170408438657bf.jpg]
[responsimart.com/cdn/shop/products/product-image-1704084386_600x600_crop_center57bf.jpg]
[responsimart.com/products/fone-de-ouvido-tws-bluetooth.oembed]
[responsimart.com/cdn/shop/products/product-image-1704084386_800x57bf.jpg]
[responsimart.com/cdn/shop/products/product-image-1704084385_800x57bf.jpg]
[responsimart.com/cdn/shop/products/product-image-1704084386_1024x57bf.jpg]
[responsimart.com/cdn/shop/products/product-image-1704084385_1024x57bf.jpg]
[responsimart.com/products/fone-de-ouvido-tws-bluetooth.html]
[responsimart.com/cdn/shop/products/product-image-179977353848ee.jpg]
[responsimart.com/cdn/shop/products/product-image-1799773538_600x600_crop_center48ee.jpg]
[responsimart.com/products/fone-bluetooth-a-prova-dagua.oembed]
[responsimart.com/cdn/shop/products/product-image-1799773538_800x48ee.jpg]
[responsimart.com/cdn/shop/products/5_800xd31e.png]
[responsimart.com/cdn/shop/products/product-image-1799773538_1024x48ee.jpg]
[responsimart.com/cdn/shop/products/5_1024xd31e.png]
[responsimart.com/products/fone-bluetooth-a-prova-dagua.html]
[responsimart.com/cdn/shop/products/UniversTechd82e.jpg]
[responsimart.com/cdn/shop/products/UniversTech_600x600_crop_centerd82e.jpg]
[responsimart.com/products/escova-alisadora-5-em-1.oembed]
[responsimart.com/cdn/shop/products/UniversTech_800xd82e.jpg]
[responsimart.com/cdn/shop/products/UniversTech2_800xd82e.jpg]
[responsimart.com/cdn/shop/products/UniversTech_1024xd82e.jpg]
[responsimart.com/cdn/shop/products/UniversTech2_1024xd82e.jpg]
[responsimart.com/products/escova-alisadora-5-em-1.html]
[responsimart.com/cdn/shop/products/Rotacaode360graus_3be83.png]
[responsimart.com/cdn/shop/products/Rotacaode360graus_3_600x600_crop_centerbe83.png]
[responsimart.com/products/camera-automotiva.oembed]
[responsimart.com/cdn/shop/products/Rotacaode360graus_3_800xbe83.png]
[responsimart.com/cdn/shop/products/image-10_1024x1024_1024x_1584d5a1-e662-40f7-b5b0-63644c73f2e7_800xbe83.jpg]
[responsimart.com/cdn/shop/products/Rotacaode360graus_2_800xbe83.png]
[responsimart.com/cdn/shop/products/H394169a36ceb4b2f8098a9bf69735497d_800xbe83.jpg]
[responsimart.com/cdn/shop/products/1_1024x_3b9d5b10-6b50-43a3-a2b5-f42550b6e829_800xbe83.jpg]
[responsimart.com/cdn/shop/products/Rotacaode360graus_3_1024xbe83.png]
[responsimart.com/cdn/shop/products/image-10_1024x1024_1024x_1584d5a1-e662-40f7-b5b0-63644c73f2e7_1024xbe83.jpg]
[responsimart.com/cdn/shop/products/Rotacaode360graus_2_1024xbe83.png]
[responsimart.com/cdn/shop/products/H394169a36ceb4b2f8098a9bf69735497d_1024xbe83.jpg]
[responsimart.com/cdn/shop/products/1_1024x_3b9d5b10-6b50-43a3-a2b5-f42550b6e829_1024xbe83.jpg]
[responsimart.com/products/camera-automotiva.html]
[responsimart.com/cdn/shop/collections/Design_sem_nome_303ad.png]
[responsimart.com/cdn/shop/collections/Design_sem_nome_3_600x600_crop_center03ad.png]
[responsimart.com/collections/oculos.atom]
[responsimart.com/collections/oculos.oembed]
[responsimart.com/products/oculos-acellerate-mercedes-benz.html]
[responsimart.com/cdn/shop/products/6388fbb70a944274a402687669e0373d_600x5ad0.jpg]
[responsimart.com/collections/oculos.html]
[responsimart.com/cdn/shop/products/Ae0c95ad34be74bd49861dc0b4a092c28L438b.jpg]
[responsimart.com/cdn/shop/products/Ae0c95ad34be74bd49861dc0b4a092c28L_600x600_crop_center438b.jpg]
[responsimart.com/products/parafusadeira-a-bateria-com-34-pecas-nize-titanium.oembed]
[responsimart.com/cdn/shop/products/Ae0c95ad34be74bd49861dc0b4a092c28L_800x438b.jpg]
[responsimart.com/cdn/shop/products/A1f2873857abd442fa650192719c4fa592_800x438b.jpg]
[responsimart.com/cdn/shop/products/Aff387d300a9a4e0f9f144a63073a7ff8f_800x438b.jpg]
[responsimart.com/cdn/shop/products/A9603609aec3f4dec9fb169ebe15bae6aj_800x438b.jpg]
[responsimart.com/cdn/shop/products/Ae0c95ad34be74bd49861dc0b4a092c28L_1024x438b.jpg]
[responsimart.com/cdn/shop/products/A1f2873857abd442fa650192719c4fa592_1024x438b.jpg]
[responsimart.com/cdn/shop/products/Aff387d300a9a4e0f9f144a63073a7ff8f_1024x438b.jpg]
[responsimart.com/cdn/shop/products/A9603609aec3f4dec9fb169ebe15bae6aj_1024x438b.jpg]
[responsimart.com/products/parafusadeira-a-bateria-com-34-pecas-nize-titanium.html]
[responsimart.com/cdn/shop/products/Ae9ff956626ac47bc84870361656ef4c4Qd830.jpg]
[responsimart.com/cdn/shop/products/Ae9ff956626ac47bc84870361656ef4c4Q_600x600_crop_centerd830.jpg]
[responsimart.com/products/bolsa-para-ferramenta-em-lona-c-8-bolsos-gamma.oembed]
[responsimart.com/cdn/shop/products/Ae9ff956626ac47bc84870361656ef4c4Q_800xd830.jpg]
[responsimart.com/cdn/shop/products/A7acd0382aebf462681326286542bdff2H_800xd830.jpg]
[responsimart.com/cdn/shop/products/A48b7a9a0102f4be7af68bc148b1e1d29t_800xd830.jpg]
[responsimart.com/cdn/shop/products/Aef94ecb27d1a4e5391a2dcddaeb00a9aw_800xd830.jpg]
[responsimart.com/cdn/shop/products/Ac87d47613b314c81b4330b098d8a845dL_800xd830.jpg]
[responsimart.com/cdn/shop/products/Ae9ff956626ac47bc84870361656ef4c4Q_1024xd830.jpg]
[responsimart.com/cdn/shop/products/A7acd0382aebf462681326286542bdff2H_1024xd830.jpg]
[responsimart.com/cdn/shop/products/A48b7a9a0102f4be7af68bc148b1e1d29t_1024xd830.jpg]
[responsimart.com/cdn/shop/products/Aef94ecb27d1a4e5391a2dcddaeb00a9aw_1024xd830.jpg]
[responsimart.com/cdn/shop/products/Ac87d47613b314c81b4330b098d8a845dL_1024xd830.jpg]
[responsimart.com/products/bolsa-para-ferramenta-em-lona-c-8-bolsos-gamma.html]
[responsimart.com/cdn/shop/products/A6ff4920067b94cfd879c35f5e7516a53283ce.jpg]
[responsimart.com/cdn/shop/products/A6ff4920067b94cfd879c35f5e7516a532_600x600_crop_center83ce.jpg]
[responsimart.com/products/kit-jogo-de-ferramentas-129-pecas.oembed]
[responsimart.com/cdn/shop/products/A6ff4920067b94cfd879c35f5e7516a532_800x83ce.jpg]
[responsimart.com/cdn/shop/products/A4bb3894233b34a67b0d5f52048018d2cm_800x83ce.jpg]
[responsimart.com/cdn/shop/products/A003c4875ef4f4c98bed7fd20a4ff7b9fB_800x83ce.jpg]
[responsimart.com/cdn/shop/products/Aeaa90a3663574796a2bf3f0bfa863d2aN_800x83ce.jpg]
[responsimart.com/cdn/shop/products/imagem_2024-01-18_013845663_800x83ce.png]
[responsimart.com/cdn/shop/products/A6ff4920067b94cfd879c35f5e7516a532_1024x83ce.jpg]
[responsimart.com/cdn/shop/products/A4bb3894233b34a67b0d5f52048018d2cm_1024x83ce.jpg]
[responsimart.com/cdn/shop/products/A003c4875ef4f4c98bed7fd20a4ff7b9fB_1024x83ce.jpg]
[responsimart.com/cdn/shop/products/Aeaa90a3663574796a2bf3f0bfa863d2aN_1024x83ce.jpg]
[responsimart.com/cdn/shop/products/imagem_2024-01-18_013845663_1024x83ce.png]
[responsimart.com/products/kit-jogo-de-ferramentas-129-pecas.html]
[responsimart.com/cdn/shop/products/A38673c1e4a3f45a1ba2e7af2686cb1b1r1324.jpg]
[responsimart.com/cdn/shop/products/A38673c1e4a3f45a1ba2e7af2686cb1b1r_600x600_crop_center1324.jpg]
[responsimart.com/products/martelo-unha-magnetico.oembed]
[responsimart.com/cdn/shop/products/A38673c1e4a3f45a1ba2e7af2686cb1b1r_800x1324.jpg]
[responsimart.com/cdn/shop/products/A30ca2140786940c89f9ac8e608e2c719P_800x1324.jpg]
[responsimart.com/cdn/shop/products/A2a7d687bd1f949779a37785fb46ce844F_800x1324.jpg]
[responsimart.com/cdn/shop/products/Aed5a941508744fe8a99c5e2e1bbd4a42P_800x1324.jpg]
[responsimart.com/cdn/shop/products/A82ef068e31884e68bcb84c8a88e5e79eB_800x1324.jpg]
[responsimart.com/cdn/shop/products/A52e166356dcd417893b62968d8f852a3d_800x1324.jpg]
[responsimart.com/cdn/shop/products/A38673c1e4a3f45a1ba2e7af2686cb1b1r_1024x1324.jpg]
[responsimart.com/cdn/shop/products/A30ca2140786940c89f9ac8e608e2c719P_1024x1324.jpg]
[responsimart.com/cdn/shop/products/A2a7d687bd1f949779a37785fb46ce844F_1024x1324.jpg]
[responsimart.com/cdn/shop/products/Aed5a941508744fe8a99c5e2e1bbd4a42P_1024x1324.jpg]
[responsimart.com/cdn/shop/products/A82ef068e31884e68bcb84c8a88e5e79eB_1024x1324.jpg]
[responsimart.com/cdn/shop/products/A52e166356dcd417893b62968d8f852a3d_1024x1324.jpg]
[responsimart.com/products/martelo-unha-magnetico.html]
[responsimart.com/cdn/shop/products/Hbcb320e88ff44960bb3355525f8a47afk_720x720_crop_center_b93eae72-633d-4d7f-a562-f324426f9733e445.jpg]
[responsimart.com/cdn/shop/products/Hbcb320e88ff44960bb3355525f8a47afk_720x720_crop_center_b93eae72-633d-4d7f-a562-f324426f9733_600x600_crop_centere445.jpg]
[responsimart.com/products/trena-nivel-a-laser.oembed]
[responsimart.com/cdn/shop/products/Hbcb320e88ff44960bb3355525f8a47afk_720x720_crop_center_b93eae72-633d-4d7f-a562-f324426f9733_800xe445.jpg]
[responsimart.com/cdn/shop/products/Hec18923f10fe4908a01479c22ce5e633r_2048x_66614264-632f-4de2-87c6-47200c8b4ce2_800xe445.jpg]
[responsimart.com/cdn/shop/products/Screenshot22_1024x_c744424e-155c-43f9-8f9a-e99281614cea_800xe445.png]
[responsimart.com/cdn/shop/products/Screenshot15145_1024x_488bdcc4-8433-48c9-aef0-ab3972d3850d_800xe445.png]
[responsimart.com/cdn/shop/products/S1109911059a248dfb7ddedc975a3c774V_800xe445.jpg]
[responsimart.com/cdn/shop/products/Hbcb320e88ff44960bb3355525f8a47afk_720x720_crop_center_b93eae72-633d-4d7f-a562-f324426f9733_1024xe445.jpg]
[responsimart.com/cdn/shop/products/Hec18923f10fe4908a01479c22ce5e633r_2048x_66614264-632f-4de2-87c6-47200c8b4ce2_1024xe445.jpg]
[responsimart.com/cdn/shop/products/Screenshot22_1024x_c744424e-155c-43f9-8f9a-e99281614cea_1024xe445.png]
[responsimart.com/cdn/shop/products/Screenshot15145_1024x_488bdcc4-8433-48c9-aef0-ab3972d3850d_1024xe445.png]
[responsimart.com/cdn/shop/products/S1109911059a248dfb7ddedc975a3c774V_1024xe445.jpg]
[responsimart.com/products/trena-nivel-a-laser.html]
[responsimart.com/cdn/shop/files/S14cadccd4df24e5fa90ddb3eeedd48bbh4c4d.jpg]
[responsimart.com/cdn/shop/files/S14cadccd4df24e5fa90ddb3eeedd48bbh_600x600_crop_center4c4d.jpg]
[responsimart.com/products/chinelos-femininos-plataforma-grossa-nuvem-sola-eva-macia-travesseiro-sandalias-verao-praia-flip-flops-femininos-antiderrapantes-banheiro-casa.oembed]
[responsimart.com/cdn/shop/files/S14cadccd4df24e5fa90ddb3eeedd48bbh_800x4c4d.jpg]
[responsimart.com/cdn/shop/files/S43cc58e5825144b6b2c51656a7783ba34_800x4c4d.jpg]
[responsimart.com/cdn/shop/files/S47924c1770d34b07b3a609b9f24c7871d_800xc3e9.jpg]
[responsimart.com/cdn/shop/files/Sc97ac88e7f9c4f67ac939b062f21faa7H_800x817c.jpg]
[responsimart.com/cdn/shop/files/Sfc8a6543cd194b5daeaf49cec7fa332fJ_800x1276.jpg]
[responsimart.com/cdn/shop/files/Sdda4076602d348148430ef7fcb99a73eV_800x4c4d.jpg]
[responsimart.com/cdn/shop/files/S7e57a61836164d0494b1035c851b1134n_800x1f29.jpg]
[responsimart.com/cdn/shop/files/S6492d3dce6504fe1913b6c55afe066dei_800x1f29.jpg]
[responsimart.com/cdn/shop/files/Sed85566fde844d56a688ee15fa110839R_800x6905.jpg]
[responsimart.com/cdn/shop/files/S44d2572472d14ec092ae94a4025ae506Y_800x255a.jpg]
[responsimart.com/cdn/shop/files/S3357fe8d923a4b7885b684d9a33d2edar_800x255a.jpg]
[responsimart.com/cdn/shop/files/S6e7f8fb39d7049b2b9c65bdb09d3cebcB_800x1f29.jpg]
[responsimart.com/cdn/shop/files/Sd09999db57ff442cbb268dd4c7bc8357A_800x255a.jpg]
[responsimart.com/cdn/shop/files/S14cadccd4df24e5fa90ddb3eeedd48bbh_1024x4c4d.jpg]
[responsimart.com/cdn/shop/files/S43cc58e5825144b6b2c51656a7783ba34_1024x4c4d.jpg]
[responsimart.com/cdn/shop/files/S47924c1770d34b07b3a609b9f24c7871d_1024xc3e9.jpg]
[responsimart.com/cdn/shop/files/Sc97ac88e7f9c4f67ac939b062f21faa7H_1024x817c.jpg]
[responsimart.com/cdn/shop/files/Sfc8a6543cd194b5daeaf49cec7fa332fJ_1024x1276.jpg]
[responsimart.com/cdn/shop/files/Sdda4076602d348148430ef7fcb99a73eV_1024x4c4d.jpg]
[responsimart.com/cdn/shop/files/S7e57a61836164d0494b1035c851b1134n_1024x1f29.jpg]
[responsimart.com/cdn/shop/files/S6492d3dce6504fe1913b6c55afe066dei_1024x1f29.jpg]
[responsimart.com/cdn/shop/files/Sed85566fde844d56a688ee15fa110839R_1024x6905.jpg]
[responsimart.com/cdn/shop/files/S44d2572472d14ec092ae94a4025ae506Y_1024x255a.jpg]
[responsimart.com/cdn/shop/files/S3357fe8d923a4b7885b684d9a33d2edar_1024x255a.jpg]
[responsimart.com/cdn/shop/files/S6e7f8fb39d7049b2b9c65bdb09d3cebcB_1024x1f29.jpg]
[responsimart.com/cdn/shop/files/Sd09999db57ff442cbb268dd4c7bc8357A_1024x255a.jpg]
[cdn.shopify.com/s/files/1/0856/2039/2255/files/chinelaatta34b.png]
[cdn.shopify.com/s/files/1/0856/2039/2255/files/chinelaatt2e94b.png]
[cdn.shopify.com/s/files/1/0856/2039/2255/files/Chinelaatt3874c.png]
[cdn.shopify.com/s/files/1/0856/2039/2255/files/chinelaatt4ac7e.png]
[responsimart.com/products/chinelos-femininos-plataforma-grossa-nuvem-sola-eva-macia-travesseiro-sandalias-verao-praia-flip-flops-femininos-antiderrapantes-banheiro-casa.html]
[responsimart.com/cdn/shop/files/S20912791d04c4573b46db6d484170851C5da7.jpg]
[responsimart.com/cdn/shop/files/S20912791d04c4573b46db6d484170851C_600x600_crop_center5da7.jpg]
[responsimart.com/products/lige-2024-new-mens-watches-top-brand-luxury-brown-leather-casual-quartz-watch-men-sport-waterproof-clock-watch-relogio-masculino.oembed]
[responsimart.com/cdn/shop/files/S20912791d04c4573b46db6d484170851C_800x5da7.jpg]
[responsimart.com/cdn/shop/files/Sc1d083b9321e4f0f99f397730cae01c3X_800x485d.jpg]
[responsimart.com/cdn/shop/files/S43632a5b153e485e8117745455a01651Y_800x485d.jpg]
[responsimart.com/cdn/shop/files/Sa434e35fc0fd40fca21513e2605a8c75D_800xa247.jpg]
[responsimart.com/cdn/shop/files/Sd854323ceb08406796b325229532c229t_800xa247.jpg]
[responsimart.com/cdn/shop/files/S9e92fe0debad480f94f0a92e73857cc5h_800x5da7.jpg]
[responsimart.com/cdn/shop/files/S671ba4f6d4c74028b842c1dfa262968eB_800xa247.jpg]
[responsimart.com/cdn/shop/files/S6fb329f5fcbe4576b98badcd5ec325b3p_800xa247.jpg]
[responsimart.com/cdn/shop/files/S4e2e598ec90f4d55886dd8aadb768ecaE_800x5da7.jpg]
[responsimart.com/cdn/shop/files/S54baebfb617e4adebfd425004c047449t_800x485d.jpg]
[responsimart.com/cdn/shop/files/S4ed9dca4a2bb4f1bb5b81468c8a9653ar_800x485d.jpg]
[responsimart.com/cdn/shop/files/S20912791d04c4573b46db6d484170851C_1024x5da7.jpg]
[responsimart.com/cdn/shop/files/Sc1d083b9321e4f0f99f397730cae01c3X_1024x485d.jpg]
[responsimart.com/cdn/shop/files/S43632a5b153e485e8117745455a01651Y_1024x485d.jpg]
[responsimart.com/cdn/shop/files/Sa434e35fc0fd40fca21513e2605a8c75D_1024xa247.jpg]
[responsimart.com/cdn/shop/files/Sd854323ceb08406796b325229532c229t_1024xa247.jpg]
[responsimart.com/cdn/shop/files/S9e92fe0debad480f94f0a92e73857cc5h_1024x5da7.jpg]
[responsimart.com/cdn/shop/files/S671ba4f6d4c74028b842c1dfa262968eB_1024xa247.jpg]
[responsimart.com/cdn/shop/files/S6fb329f5fcbe4576b98badcd5ec325b3p_1024xa247.jpg]
[responsimart.com/cdn/shop/files/S4e2e598ec90f4d55886dd8aadb768ecaE_1024x5da7.jpg]
[responsimart.com/cdn/shop/files/S54baebfb617e4adebfd425004c047449t_1024x485d.jpg]
[responsimart.com/cdn/shop/files/S4ed9dca4a2bb4f1bb5b81468c8a9653ar_1024x485d.jpg]
[responsimart.com/products/lige-2024-new-mens-watches-top-brand-luxury-brown-leather-casual-quartz-watch-men-sport-waterproof-clock-watch-relogio-masculino.html]
[responsimart.com/cdn/shop/products/vestido-feminino-patricia-encante-com-estilo-e-elegancia-miss-bella-store-10805.jpg]
[responsimart.com/cdn/shop/products/vestido-feminino-patricia-encante-com-estilo-e-elegancia-miss-bella-store-1_600x600_crop_center0805.jpg]
[responsimart.com/products/vestido-feminino-patricia.oembed]
[responsimart.com/cdn/shop/products/vestido-feminino-patricia-encante-com-estilo-e-elegancia-miss-bella-store-1_800x0805.jpg]
[responsimart.com/cdn/shop/products/vestido-feminino-patricia-encante-com-estilo-e-elegancia-miss-bella-store-2_800x0805.jpg]
[responsimart.com/cdn/shop/products/vestido-feminino-patricia-encante-com-estilo-e-elegancia-miss-bella-store-3_800x0805.jpg]
[responsimart.com/cdn/shop/products/vestido-feminino-patricia-encante-com-estilo-e-elegancia-miss-bella-store-4_800x0805.jpg]
[responsimart.com/cdn/shop/products/vestido-feminino-patricia-encante-com-estilo-e-elegancia-miss-bella-store-5_800xf87c.jpg]
[responsimart.com/cdn/shop/products/vestido-feminino-patricia-encante-com-estilo-e-elegancia-miss-bella-store-6_800xf87c.jpg]
[responsimart.com/cdn/shop/products/vestido-feminino-patricia-encante-com-estilo-e-elegancia-miss-bella-store-7_800xf87c.jpg]
[responsimart.com/cdn/shop/products/vestido-feminino-patricia-encante-com-estilo-e-elegancia-miss-bella-store-1_1024x0805.jpg]
[responsimart.com/cdn/shop/products/vestido-feminino-patricia-encante-com-estilo-e-elegancia-miss-bella-store-2_1024x0805.jpg]
[responsimart.com/cdn/shop/products/vestido-feminino-patricia-encante-com-estilo-e-elegancia-miss-bella-store-3_1024x0805.jpg]
[responsimart.com/cdn/shop/products/vestido-feminino-patricia-encante-com-estilo-e-elegancia-miss-bella-store-4_1024x0805.jpg]
[responsimart.com/cdn/shop/products/vestido-feminino-patricia-encante-com-estilo-e-elegancia-miss-bella-store-5_1024xf87c.jpg]
[responsimart.com/cdn/shop/products/vestido-feminino-patricia-encante-com-estilo-e-elegancia-miss-bella-store-6_1024xf87c.jpg]
[responsimart.com/cdn/shop/products/vestido-feminino-patricia-encante-com-estilo-e-elegancia-miss-bella-store-7_1024xf87c.jpg]
[responsimart.com/products/vestido-feminino-patricia.html]
[responsimart.com/cdn/shop/products/vestido-feminino-sarita-estampa-floral-manga-curta-e-bolso-miss-bella-store-1157c.jpg]
[responsimart.com/cdn/shop/products/vestido-feminino-sarita-estampa-floral-manga-curta-e-bolso-miss-bella-store-1_600x600_crop_center157c.jpg]
[responsimart.com/products/vestido-feminino-sarita.oembed]
[responsimart.com/cdn/shop/products/vestido-feminino-sarita-estampa-floral-manga-curta-e-bolso-miss-bella-store-1_800x157c.jpg]
[responsimart.com/cdn/shop/products/vestido-feminino-sarita-estampa-floral-manga-curta-e-bolso-miss-bella-store-2_800x157c.jpg]
[responsimart.com/cdn/shop/products/vestido-feminino-sarita-estampa-floral-manga-curta-e-bolso-miss-bella-store-3_800x157c.jpg]
[responsimart.com/cdn/shop/products/vestido-feminino-sarita-estampa-floral-manga-curta-e-bolso-miss-bella-store-4_800x157c.jpg]
[responsimart.com/cdn/shop/products/vestido-feminino-sarita-estampa-floral-manga-curta-e-bolso-miss-bella-store-5_800x157c.jpg]
[responsimart.com/cdn/shop/products/vestido-feminino-sarita-estampa-floral-manga-curta-e-bolso-miss-bella-store-1_1024x157c.jpg]
[responsimart.com/cdn/shop/products/vestido-feminino-sarita-estampa-floral-manga-curta-e-bolso-miss-bella-store-2_1024x157c.jpg]
[responsimart.com/cdn/shop/products/vestido-feminino-sarita-estampa-floral-manga-curta-e-bolso-miss-bella-store-3_1024x157c.jpg]
[responsimart.com/cdn/shop/products/vestido-feminino-sarita-estampa-floral-manga-curta-e-bolso-miss-bella-store-4_1024x157c.jpg]
[responsimart.com/cdn/shop/products/vestido-feminino-sarita-estampa-floral-manga-curta-e-bolso-miss-bella-store-5_1024x157c.jpg]
[responsimart.com/products/vestido-feminino-sarita.html]
[responsimart.com/cdn/shop/products/vestido-feminino-stanley-sinta-se-elegante-e-sofisticada-em-qualquer-ocasiao-miss-bella-store-10ede.jpg]
[responsimart.com/cdn/shop/products/vestido-feminino-stanley-sinta-se-elegante-e-sofisticada-em-qualquer-ocasiao-miss-bella-store-1_600x600_crop_center0ede.jpg]
[responsimart.com/products/vestido-feminino-stanley.oembed]
[responsimart.com/cdn/shop/products/vestido-feminino-stanley-sinta-se-elegante-e-sofisticada-em-qualquer-ocasiao-miss-bella-store-1_800x0ede.jpg]
[responsimart.com/cdn/shop/products/vestido-feminino-stanley-sinta-se-elegante-e-sofisticada-em-qualquer-ocasiao-miss-bella-store-2_800x0ede.jpg]
[responsimart.com/cdn/shop/products/vestido-feminino-stanley-sinta-se-elegante-e-sofisticada-em-qualquer-ocasiao-miss-bella-store-3_800x0ede.jpg]
[responsimart.com/cdn/shop/products/vestido-feminino-stanley-sinta-se-elegante-e-sofisticada-em-qualquer-ocasiao-miss-bella-store-4_800x0ede.jpg]
[responsimart.com/cdn/shop/products/vestido-feminino-stanley-sinta-se-elegante-e-sofisticada-em-qualquer-ocasiao-miss-bella-store-5_800x0ede.jpg]
[responsimart.com/cdn/shop/products/vestido-feminino-stanley-sinta-se-elegante-e-sofisticada-em-qualquer-ocasiao-miss-bella-store-6_800x0ede.jpg]
[responsimart.com/cdn/shop/products/vestido-feminino-stanley-sinta-se-elegante-e-sofisticada-em-qualquer-ocasiao-miss-bella-store-1_1024x0ede.jpg]
[responsimart.com/cdn/shop/products/vestido-feminino-stanley-sinta-se-elegante-e-sofisticada-em-qualquer-ocasiao-miss-bella-store-2_1024x0ede.jpg]
[responsimart.com/cdn/shop/products/vestido-feminino-stanley-sinta-se-elegante-e-sofisticada-em-qualquer-ocasiao-miss-bella-store-3_1024x0ede.jpg]
[responsimart.com/cdn/shop/products/vestido-feminino-stanley-sinta-se-elegante-e-sofisticada-em-qualquer-ocasiao-miss-bella-store-4_1024x0ede.jpg]
[responsimart.com/cdn/shop/products/vestido-feminino-stanley-sinta-se-elegante-e-sofisticada-em-qualquer-ocasiao-miss-bella-store-5_1024x0ede.jpg]
[responsimart.com/cdn/shop/products/vestido-feminino-stanley-sinta-se-elegante-e-sofisticada-em-qualquer-ocasiao-miss-bella-store-6_1024x0ede.jpg]
[responsimart.com/products/vestido-feminino-stanley.html]
[responsimart.com/cdn/shopifycloud/shopify/assets/storefront/policy-3e4aa3c07a3a61780d16bc4b828d2fef9e1a20a44aae36e029a7b98e5ee5a4d0.css]
[responsimart.com/policies/POST]
[responsimart.com/policies/3a7c1d-2.myshopify.com]
[responsimart.com/policies/GET]
[responsimart.com/policies/window.location.href]
[responsimart.com/policies/url]
[responsimart.com/policies/legal-notice.html]
[responsimart.com/policies/shipping-policy.html]
[responsimart.com/policies/terms-of-service.html]
[responsimart.com/pages/politica-de-cookies.html]
[responsimart.com/policies/refund-policy.html]
[responsimart.com/policies/privacy-policy.html]
[responsimart.com/pages/politica-de-troca-e-devolucoes.html]
[cdn.yampi.me/shopify/checkout.css]
[responsimart.com/3a7c1d-2.myshopify.html]
[responsimart.com/GET.html]
[responsimart.com/cart/add.js]
[responsimart.com/cart1c80.html]
[responsimart.com/window.location.html]
[responsimart.com/url.html]
[cdn.shopify.com/bk-ajax-loader-e7b44c86.30d.delayed]
[cdn.shopify.com/extensions/5043bf1f-b21a-4b26-b729-edd0445f2ec6/bk-reviews-94/assets/bk-index-3b5b561d.css]
[cdn.shopify.com/extensions/cb5fca0c-14a7-4ea9-b03f-5bb745455ec7/trustoo-io-product-reviews-53/assets/star-rating.css]
[responsimart.com/a.html]
[responsimart.com/schema.org/index.html]
[responsimart.com/b.html]
[responsimart.com/signals/iwl.js]
[responsimart.com/cdn/fonts/inter/inter_n6.f376a8167febc541e642518027b9ec9b9121420c28b8.woff2]
[responsimart.com/cdn/fonts/inter/inter_n6.f376a8167febc541e642518027b9ec9b9121420c7332.woff2]
[responsimart.com/cdn/fonts/inter/inter_n7.194c3d3f64efd8e4c82bbbe83dc84f5893fd90875c33.woff]
[responsimart.com/cdn/fonts/inter/inter_n7.194c3d3f64efd8e4c82bbbe83dc84f5893fd908728bd.woff]
[responsimart.com/cdn/shop/products/handaiyan-r-kit-labios-perfeitos-hidratante-e-anti-borrao-curso-de-automaquiagem-femme-brasil-17d86.jpg]
[responsimart.com/cdn/shop/products/handaiyan-r-kit-labios-perfeitos-hidratante-e-anti-borrao-curso-de-automaquiagem-femme-brasil-1_600x600_crop_center7d86.jpg]
[responsimart.com/collections/all4658.html]
[responsimart.com/collections/POST.html]
[responsimart.com/collections/all2679.html]
[responsimart.com/products/5-pares-de-cilios-magneticos-reutilizaveis.oembed]
[responsimart.com/cdn/shop/products/S151f28d7abf84c86ad3b3ce89ef94b82g_500x_b98c1024-757d-4e87-b4fc-f1d3c1e4ec78_800xe471.jpg]
[responsimart.com/cdn/shop/products/H304d7351c7da41cfb3995871d59d324aC_500x_72dbc7f1-f940-4f10-8253-02227bab35fe_800xe471.jpg]
[responsimart.com/cdn/shop/products/S151f28d7abf84c86ad3b3ce89ef94b82g_500x_b98c1024-757d-4e87-b4fc-f1d3c1e4ec78_1024xe471.jpg]
[responsimart.com/cdn/shop/products/H304d7351c7da41cfb3995871d59d324aC_500x_72dbc7f1-f940-4f10-8253-02227bab35fe_1024xe471.jpg]
[responsimart.com/products/5-pares-de-cilios-magneticos-reutilizaveis.html]
[responsimart.com/cdn/shop/products/Sc6f5704ffd034c1bb54fd7d54733011fkb092.jpg]
[responsimart.com/cdn/shop/products/Sc6f5704ffd034c1bb54fd7d54733011fk_600x600_crop_centerb092.jpg]
[responsimart.com/products/brocas-titanium-2-em-1.oembed]
[responsimart.com/cdn/shop/products/Sc6f5704ffd034c1bb54fd7d54733011fk_800xb092.jpg]
[responsimart.com/cdn/shop/products/Hacaa14be72f848a38499ab1f20916ebcB_800xb092.jpg]
[responsimart.com/cdn/shop/products/Hd83f8cac36884dabaff77db061bf6530o_800xb092.jpg]
[responsimart.com/cdn/shop/products/H905468b8248a41c49da61c5323a2632f3_800xb092.jpg]
[responsimart.com/cdn/shop/products/H5ca59190944941248e0cdd6697aad0d2W_800xb092.jpg]
[responsimart.com/cdn/shop/products/Sc6f5704ffd034c1bb54fd7d54733011fk_1024xb092.jpg]
[responsimart.com/cdn/shop/products/Hacaa14be72f848a38499ab1f20916ebcB_1024xb092.jpg]
[responsimart.com/cdn/shop/products/Hd83f8cac36884dabaff77db061bf6530o_1024xb092.jpg]
[responsimart.com/cdn/shop/products/H905468b8248a41c49da61c5323a2632f3_1024xb092.jpg]
[responsimart.com/cdn/shop/products/H5ca59190944941248e0cdd6697aad0d2W_1024xb092.jpg]
[responsimart.com/products/brocas-titanium-2-em-1.html]
[responsimart.com/cdn/shop/products/Designsemnome_65_1ce2a.png]
[responsimart.com/cdn/shop/products/Designsemnome_65_1_600x600_crop_centerce2a.png]
[responsimart.com/products/calca-masculina-jogger.oembed]
[responsimart.com/cdn/shop/products/Designsemnome_65_1_800xce2a.png]
[responsimart.com/cdn/shop/products/Designsemnome_66_1_800xce2a.png]
[responsimart.com/cdn/shop/products/Designsemnome_64_1_800xce2a.png]
[responsimart.com/cdn/shop/products/Designsemnome_65_1_1024xce2a.png]
[responsimart.com/cdn/shop/products/Designsemnome_66_1_1024xce2a.png]
[responsimart.com/cdn/shop/products/Designsemnome_64_1_1024xce2a.png]
[responsimart.com/products/calca-masculina-jogger.html]
[responsimart.com/cdn/shop/products/25ccbd31-974f-4087-b30a-68b3ca3a42b2_f9e6f25c-6279-4a71-96a1-5bdee604a47558ba.jpg]
[responsimart.com/cdn/shop/products/25ccbd31-974f-4087-b30a-68b3ca3a42b2_f9e6f25c-6279-4a71-96a1-5bdee604a475_600x600_crop_center58ba.jpg]
[responsimart.com/products/calca-cargo-masculina-multi-bolso.oembed]
[responsimart.com/cdn/shop/products/25ccbd31-974f-4087-b30a-68b3ca3a42b2_f9e6f25c-6279-4a71-96a1-5bdee604a475_800x58ba.jpg]
[responsimart.com/cdn/shop/products/27eaa4f9-76a6-474e-bfe3-88a099104442_64ed67fd-597e-4561-be3d-a54fe8cfe9d6_800x58ba.jpg]
[responsimart.com/cdn/shop/products/118f10e4-7642-4409-8063-8e2c80073720_800x58ba.jpg]
[responsimart.com/cdn/shop/products/542842ed-136f-4d31-adf7-809de695ff62_fdf3e2a2-fbc0-4766-aa0f-4aa1f09652ea_800x58ba.jpg]
[responsimart.com/cdn/shop/products/eebeff00-d18d-4d71-bb6a-2869658bcb75_2a4554ca-f030-4abb-b097-e9bbae5e14ec_800x58ba.jpg]
[responsimart.com/cdn/shop/products/9b0efea3-b6fd-48ea-986c-b0779579cf3b_2abc0897-6b46-4dc9-8f2f-5d34a4188ac4_800x58ba.jpg]
[responsimart.com/cdn/shop/products/25ccbd31-974f-4087-b30a-68b3ca3a42b2_f9e6f25c-6279-4a71-96a1-5bdee604a475_1024x58ba.jpg]
[responsimart.com/cdn/shop/products/27eaa4f9-76a6-474e-bfe3-88a099104442_64ed67fd-597e-4561-be3d-a54fe8cfe9d6_1024x58ba.jpg]
[responsimart.com/cdn/shop/products/118f10e4-7642-4409-8063-8e2c80073720_1024x58ba.jpg]
[responsimart.com/cdn/shop/products/542842ed-136f-4d31-adf7-809de695ff62_fdf3e2a2-fbc0-4766-aa0f-4aa1f09652ea_1024x58ba.jpg]
[responsimart.com/cdn/shop/products/eebeff00-d18d-4d71-bb6a-2869658bcb75_2a4554ca-f030-4abb-b097-e9bbae5e14ec_1024x58ba.jpg]
[responsimart.com/cdn/shop/products/9b0efea3-b6fd-48ea-986c-b0779579cf3b_2abc0897-6b46-4dc9-8f2f-5d34a4188ac4_1024x58ba.jpg]
[responsimart.com/products/calca-cargo-masculina-multi-bolso.html]
[responsimart.com/cdn/shop/products/816bae9c-77f1-4dde-b451-fcaaf00b66ad_97a651a4-9951-42a9-82d1-aeb2b48155a7f720.jpg]
[responsimart.com/cdn/shop/products/816bae9c-77f1-4dde-b451-fcaaf00b66ad_97a651a4-9951-42a9-82d1-aeb2b48155a7_600x600_crop_centerf720.jpg]
[responsimart.com/products/calca-jeans-masculina.oembed]
[responsimart.com/cdn/shop/products/816bae9c-77f1-4dde-b451-fcaaf00b66ad_97a651a4-9951-42a9-82d1-aeb2b48155a7_800xf720.jpg]
[responsimart.com/cdn/shop/products/a04ab9ce-3c98-4e6c-949f-b7cb36381206_51e01112-3072-47dc-ab1a-505bee3ec18c_800xf720.jpg]
[responsimart.com/cdn/shop/products/d53cd509-be9e-4873-ba50-ccbc2d2b0c2c_800xf720.jpg]
[responsimart.com/cdn/shop/products/e22c9f6b-cbcf-4401-a2f1-66acd6848606_e60e0fcf-8b50-4fec-9179-c3fa287b6868_800xf720.jpg]
[responsimart.com/cdn/shop/products/fe226418-1b22-442a-874f-21fbe1018198_800xf720.jpg]
[responsimart.com/cdn/shop/products/22a9484f-9a07-4abe-8689-aa943d24ce71_5aa43460-869a-470c-b226-f1d9fee5f331_800xf720.jpg]
[responsimart.com/cdn/shop/products/816bae9c-77f1-4dde-b451-fcaaf00b66ad_97a651a4-9951-42a9-82d1-aeb2b48155a7_1024xf720.jpg]
[responsimart.com/cdn/shop/products/a04ab9ce-3c98-4e6c-949f-b7cb36381206_51e01112-3072-47dc-ab1a-505bee3ec18c_1024xf720.jpg]
[responsimart.com/cdn/shop/products/d53cd509-be9e-4873-ba50-ccbc2d2b0c2c_1024xf720.jpg]
[responsimart.com/cdn/shop/products/e22c9f6b-cbcf-4401-a2f1-66acd6848606_e60e0fcf-8b50-4fec-9179-c3fa287b6868_1024xf720.jpg]
[responsimart.com/cdn/shop/products/fe226418-1b22-442a-874f-21fbe1018198_1024xf720.jpg]
[responsimart.com/cdn/shop/products/22a9484f-9a07-4abe-8689-aa943d24ce71_5aa43460-869a-470c-b226-f1d9fee5f331_1024xf720.jpg]
[responsimart.com/products/calca-jeans-masculina.html]
[responsimart.com/products/camiseta-impermeavel-idry-1.oembed]
[responsimart.com/cdn/shop/files/Captura_de_Tela_2019-09-10_as_11.16.40_large_480x480_8d09f431-2389-4513-966f-40f066b9d0a4_800x68e9.jpg]
[responsimart.com/cdn/shop/files/product-image-944918145_500x_a1798e68-686f-4dda-8691-31251c3095cf_800x68e9.jpg]
[responsimart.com/cdn/shop/files/Captura_de_Tela_2019-09-10_as_11.16.40_large_480x480_8d09f431-2389-4513-966f-40f066b9d0a4_1024x68e9.jpg]
[responsimart.com/cdn/shop/files/product-image-944918145_500x_a1798e68-686f-4dda-8691-31251c3095cf_1024x68e9.jpg]
[responsimart.com/products/camiseta-impermeavel-idry-1.html]
[responsimart.com/cdn/shop/products/produto_112chaveuniversalmultifuncional48em1imagem14e53.jpg]
[responsimart.com/cdn/shop/products/produto_112chaveuniversalmultifuncional48em1imagem1_600x600_crop_center4e53.jpg]
[responsimart.com/products/chave-universal-multifuncional.oembed]
[responsimart.com/cdn/shop/products/produto_112chaveuniversalmultifuncional48em1imagem1_800x4e53.jpg]
[responsimart.com/cdn/shop/products/produto_112chaveuniversalmultifuncional48em1imagem5_800x4e53.jpg]
[responsimart.com/cdn/shop/products/produto_112chaveuniversalmultifuncional48em1imagem7_800x4e53.jpg]
[responsimart.com/cdn/shop/products/produto_112chaveuniversalmultifuncional48em1imagem3_800x4e53.jpg]
[responsimart.com/cdn/shop/products/produto_112chaveuniversalmultifuncional48em1imagem8_800x4e53.jpg]
[responsimart.com/cdn/shop/products/produto_112chaveuniversalmultifuncional48em1imagem1_1024x4e53.jpg]
[responsimart.com/cdn/shop/products/produto_112chaveuniversalmultifuncional48em1imagem5_1024x4e53.jpg]
[responsimart.com/cdn/shop/products/produto_112chaveuniversalmultifuncional48em1imagem7_1024x4e53.jpg]
[responsimart.com/cdn/shop/products/produto_112chaveuniversalmultifuncional48em1imagem3_1024x4e53.jpg]
[responsimart.com/cdn/shop/products/produto_112chaveuniversalmultifuncional48em1imagem8_1024x4e53.jpg]
[responsimart.com/products/chave-universal-multifuncional.html]
[responsimart.com/cdn/shop/products/2007201569_10224.jpg]
[responsimart.com/cdn/shop/products/2007201569_1_600x600_crop_center0224.jpg]
[responsimart.com/products/depilador-a-laser.oembed]
[responsimart.com/cdn/shop/products/2007201569_1_800x0224.jpg]
[responsimart.com/cdn/shop/products/de_800xe81b.jpg]
[responsimart.com/cdn/shop/products/1_ec3b1dc3-8126-4b09-afa1-6821c3c65184_800xe81b.png]
[responsimart.com/cdn/shop/products/2_837908a4-f66b-4cc6-ba66-7973ba71f0b3_800xe81b.png]
[responsimart.com/cdn/shop/products/product-image-1432150405_500x_41f90dd8-e9ed-4457-8f6e-b5c6f7102260_800xe81b.jpg]
[responsimart.com/cdn/shop/products/Af2f5142bd5fc4b1581925de30e4fa4d97_d77969a1-e50d-4b7e-9d54-cd241fd8c104_800xe81b.jpg]
[responsimart.com/cdn/shop/products/Acfe515f4e1d54fe98ecf9de691bf5c6fa_804befbb-ae64-4112-b224-377bf8570b51_800xe81b.jpg]
[responsimart.com/cdn/shop/products/A9de39fdbcedf4dfdbccf911d35abb784u_c245ce11-c8d6-493e-af80-3965fec772fb_800xe81b.jpg]
[responsimart.com/cdn/shop/products/2007201569_1_1024x0224.jpg]
[responsimart.com/cdn/shop/products/de_1024xe81b.jpg]
[responsimart.com/cdn/shop/products/1_ec3b1dc3-8126-4b09-afa1-6821c3c65184_1024xe81b.png]
[responsimart.com/cdn/shop/products/2_837908a4-f66b-4cc6-ba66-7973ba71f0b3_1024xe81b.png]
[responsimart.com/cdn/shop/products/product-image-1432150405_500x_41f90dd8-e9ed-4457-8f6e-b5c6f7102260_1024xe81b.jpg]
[responsimart.com/cdn/shop/products/Af2f5142bd5fc4b1581925de30e4fa4d97_d77969a1-e50d-4b7e-9d54-cd241fd8c104_1024xe81b.jpg]
[responsimart.com/cdn/shop/products/Acfe515f4e1d54fe98ecf9de691bf5c6fa_804befbb-ae64-4112-b224-377bf8570b51_1024xe81b.jpg]
[responsimart.com/cdn/shop/products/A9de39fdbcedf4dfdbccf911d35abb784u_c245ce11-c8d6-493e-af80-3965fec772fb_1024xe81b.jpg]
[responsimart.com/products/depilador-a-laser.html]
[responsimart.com/cdn/shop/products/H8601c1bd6d4c49fa843f07dccc462cd9Le1a1.jpg]
[responsimart.com/cdn/shop/products/H8601c1bd6d4c49fa843f07dccc462cd9L_600x600_crop_centere1a1.jpg]
[responsimart.com/products/fruteira-de-mesa-com-suporte-de-bambu.oembed]
[responsimart.com/cdn/shop/products/H8601c1bd6d4c49fa843f07dccc462cd9L_800xe1a1.jpg]
[responsimart.com/cdn/shop/products/H31d515ee6208441b9bf948867e3be626E_800xe1a1.jpg]
[responsimart.com/cdn/shop/products/H5605cf10da744880bf5868d69bea5be1b_800xe1a1.jpg]
[responsimart.com/cdn/shop/products/Hfb4fb76ac0514f42a3acaa7183476d757_800xe1a1.jpg]
[responsimart.com/cdn/shop/products/H5998026945d04d45b9cb5df71a2dbe65q_800xe1a1.jpg]
[responsimart.com/cdn/shop/products/Hdac45e0ad03e49a7b46dacb065fabef8r_800xe1a1.jpg]
[responsimart.com/cdn/shop/products/Hc88a858a0ce9406ba4855c0c00452e54n_800xe1a1.jpg]
[responsimart.com/cdn/shop/products/H93cf6b90d4e64a729abba01fe244ec3al_800xe1a1.jpg]
[responsimart.com/cdn/shop/products/Hb970a3db23fa413bbece85c478448ea2s_800xe1a1.jpg]
[responsimart.com/cdn/shop/products/Sa7d64e3f62a54c208bfcd6d880a7a2fbs_800xe1a1.jpg]
[responsimart.com/cdn/shop/products/S3dd92d76db074699b57ce99e33dcbb08x_800xe1a1.jpg]
[responsimart.com/cdn/shop/products/H8601c1bd6d4c49fa843f07dccc462cd9L_1024xe1a1.jpg]
[responsimart.com/cdn/shop/products/H31d515ee6208441b9bf948867e3be626E_1024xe1a1.jpg]
[responsimart.com/cdn/shop/products/H5605cf10da744880bf5868d69bea5be1b_1024xe1a1.jpg]
[responsimart.com/cdn/shop/products/Hfb4fb76ac0514f42a3acaa7183476d757_1024xe1a1.jpg]
[responsimart.com/cdn/shop/products/H5998026945d04d45b9cb5df71a2dbe65q_1024xe1a1.jpg]
[responsimart.com/cdn/shop/products/Hdac45e0ad03e49a7b46dacb065fabef8r_1024xe1a1.jpg]
[responsimart.com/cdn/shop/products/Hc88a858a0ce9406ba4855c0c00452e54n_1024xe1a1.jpg]
[responsimart.com/cdn/shop/products/H93cf6b90d4e64a729abba01fe244ec3al_1024xe1a1.jpg]
[responsimart.com/cdn/shop/products/Hb970a3db23fa413bbece85c478448ea2s_1024xe1a1.jpg]
[responsimart.com/cdn/shop/products/Sa7d64e3f62a54c208bfcd6d880a7a2fbs_1024xe1a1.jpg]
[responsimart.com/cdn/shop/products/S3dd92d76db074699b57ce99e33dcbb08x_1024xe1a1.jpg]
[responsimart.com/products/fruteira-de-mesa-com-suporte-de-bambu.html]
[responsimart.com/cdn/shop/products/nebulizador-_inalador-portatil-ultrassonico-e-silencioso-progressive1-7282ed019d5d96c3d616263164431957-640-08784.jpg]
[responsimart.com/cdn/shop/products/nebulizador-_inalador-portatil-ultrassonico-e-silencioso-progressive1-7282ed019d5d96c3d616263164431957-640-0_600x600_crop_center8784.jpg]
[responsimart.com/products/inalador-nebulizador-portatil.oembed]
[responsimart.com/cdn/shop/products/nebulizador-_inalador-portatil-ultrassonico-e-silencioso-progressive1-7282ed019d5d96c3d616263164431957-640-0_800x8784.jpg]
[responsimart.com/cdn/shop/products/Ha610d86053764398833dd823f1fbbf1cV_800x8784.jpg]
[responsimart.com/cdn/shop/products/H0f7adbd208d04c679a6b840870da69dfU_800x8784.jpg]
[responsimart.com/cdn/shop/products/product-image-1776002379_130x_3200816b-2e84-449f-8d78-f5a0e4324122_800x8784.jpg]
[responsimart.com/cdn/shop/products/Hfd099c356fe443e484bce5f717ac6c92H_800x8784.jpg]
[responsimart.com/cdn/shop/products/H89d1b6ee0c224cf0aac57069e842572be_800x8784.jpg]
[responsimart.com/cdn/shop/products/nebulizador-_inalador-portatil-ultrassonico-e-silencioso-progressive1-7282ed019d5d96c3d616263164431957-640-0_1024x8784.jpg]
[responsimart.com/cdn/shop/products/Ha610d86053764398833dd823f1fbbf1cV_1024x8784.jpg]
[responsimart.com/cdn/shop/products/H0f7adbd208d04c679a6b840870da69dfU_1024x8784.jpg]
[responsimart.com/cdn/shop/products/product-image-1776002379_130x_3200816b-2e84-449f-8d78-f5a0e4324122_1024x8784.jpg]
[responsimart.com/cdn/shop/products/Hfd099c356fe443e484bce5f717ac6c92H_1024x8784.jpg]
[responsimart.com/cdn/shop/products/H89d1b6ee0c224cf0aac57069e842572be_1024x8784.jpg]
[responsimart.com/products/inalador-nebulizador-portatil.html]
[responsimart.com/cdn/shop/products/Sc9627bfaa83841bca798500561b99840i756f.jpg]
[responsimart.com/cdn/shop/products/Sc9627bfaa83841bca798500561b99840i_600x600_crop_center756f.jpg]
[responsimart.com/products/interruptor-inteligente-smarttouch.oembed]
[responsimart.com/cdn/shop/products/Sc9627bfaa83841bca798500561b99840i_800x756f.jpg]
[responsimart.com/cdn/shop/products/Sa49a973def8c462bb2c0323c7a041ed12_800x756f.jpg]
[responsimart.com/cdn/shop/products/S692a7c3e5b4644f2a4f9c4b667f3f0bdI_800x756f.jpg]
[responsimart.com/cdn/shop/products/S2cce14a7542043b7b5a564fabbaa0e1bf_800x756f.jpg]
[responsimart.com/cdn/shop/products/S052bfec0deda4a6e95c37968842e1ea5S_800x756f.jpg]
[responsimart.com/cdn/shop/products/S579e5067ddb94f01a6d562f0eb69ea24z_800x756f.jpg]
[responsimart.com/cdn/shop/products/S7d0d6764ecb746b2a498ded338be16c2H_800x756f.jpg]
[responsimart.com/cdn/shop/products/S5b4e0f26c9b34e0cb5f47e6fa258053a5_800x756f.jpg]
[responsimart.com/cdn/shop/products/S91a1c8b864b84cfca318a385e104cb73I_800x756f.jpg]
[responsimart.com/cdn/shop/products/Sf1d9bd2a9c3c4bad82a22110c29373f72_800x756f.jpg]
[responsimart.com/cdn/shop/products/Sc9627bfaa83841bca798500561b99840i_1024x756f.jpg]
[responsimart.com/cdn/shop/products/Sa49a973def8c462bb2c0323c7a041ed12_1024x756f.jpg]
[responsimart.com/cdn/shop/products/S692a7c3e5b4644f2a4f9c4b667f3f0bdI_1024x756f.jpg]
[responsimart.com/cdn/shop/products/S2cce14a7542043b7b5a564fabbaa0e1bf_1024x756f.jpg]
[responsimart.com/cdn/shop/products/S052bfec0deda4a6e95c37968842e1ea5S_1024x756f.jpg]
[responsimart.com/cdn/shop/products/S579e5067ddb94f01a6d562f0eb69ea24z_1024x756f.jpg]
[responsimart.com/cdn/shop/products/S7d0d6764ecb746b2a498ded338be16c2H_1024x756f.jpg]
[responsimart.com/cdn/shop/products/S5b4e0f26c9b34e0cb5f47e6fa258053a5_1024x756f.jpg]
[responsimart.com/cdn/shop/products/S91a1c8b864b84cfca318a385e104cb73I_1024x756f.jpg]
[responsimart.com/cdn/shop/products/Sf1d9bd2a9c3c4bad82a22110c29373f72_1024x756f.jpg]
[responsimart.com/products/interruptor-inteligente-smarttouch.html]
[responsimart.com/cdn/shop/products/jpg_b1f15370-b4d0-41c0-ad8d-5fac4eb69fb23010.jpg]
[responsimart.com/cdn/shop/products/jpg_b1f15370-b4d0-41c0-ad8d-5fac4eb69fb2_600x600_crop_center3010.jpg]
[responsimart.com/products/jaqueta-de-couro-masculina-confortavel.oembed]
[responsimart.com/cdn/shop/products/jpg_b1f15370-b4d0-41c0-ad8d-5fac4eb69fb2_800x3010.jpg]
[responsimart.com/cdn/shop/products/jpg_8a2bf272-93f6-41fc-abbd-aeeb5d556c8c_800x3010.jpg]
[responsimart.com/cdn/shop/products/jpg_ec812e08-b02d-471f-acae-d2d31fc134c6_800x3010.jpg]
[responsimart.com/cdn/shop/products/jpg_89825f7c-861d-4526-8835-8417d0d4a0ce_800x3010.jpg]
[responsimart.com/cdn/shop/products/jpg_1e97195b-91b8-48e2-9427-20d371d93b73_800x3010.jpg]
[responsimart.com/cdn/shop/products/jpg_8581c615-25fa-40ba-8f90-b76b4154e538_800x3010.jpg]
[responsimart.com/cdn/shop/products/jpg_b1f15370-b4d0-41c0-ad8d-5fac4eb69fb2_1024x3010.jpg]
[responsimart.com/cdn/shop/products/jpg_8a2bf272-93f6-41fc-abbd-aeeb5d556c8c_1024x3010.jpg]
[responsimart.com/cdn/shop/products/jpg_ec812e08-b02d-471f-acae-d2d31fc134c6_1024x3010.jpg]
[responsimart.com/cdn/shop/products/jpg_89825f7c-861d-4526-8835-8417d0d4a0ce_1024x3010.jpg]
[responsimart.com/cdn/shop/products/jpg_1e97195b-91b8-48e2-9427-20d371d93b73_1024x3010.jpg]
[responsimart.com/cdn/shop/products/jpg_8581c615-25fa-40ba-8f90-b76b4154e538_1024x3010.jpg]
[responsimart.com/products/jaqueta-de-couro-masculina-confortavel.html]
[responsimart.com/cdn/shop/products/jpg_797bf602-7379-4c2f-bb21-5e1a29ffbd212cf6.jpg]
[responsimart.com/cdn/shop/products/jpg_797bf602-7379-4c2f-bb21-5e1a29ffbd21_600x600_crop_center2cf6.jpg]
[responsimart.com/products/jaqueta-de-couro-masculina-vintage.oembed]
[responsimart.com/cdn/shop/products/jpg_797bf602-7379-4c2f-bb21-5e1a29ffbd21_800x2cf6.jpg]
[responsimart.com/cdn/shop/products/jpg_7b582307-1bfa-4187-bb97-bb0e3f0c433a_800x2cf6.jpg]
[responsimart.com/cdn/shop/products/jpg_2e180a74-4be1-46bd-b4f3-bff895e34505_800x2cf6.jpg]
[responsimart.com/cdn/shop/products/jpg_511846cb-642d-4b85-82d4-b986c378bd39_800x2cf6.jpg]
[responsimart.com/cdn/shop/products/jpg_ff6f7a96-86fb-4d8f-9eea-c00b91a9dd7a_800x2cf6.jpg]
[responsimart.com/cdn/shop/products/jpg_a5ce5084-70c7-42cd-bed9-ffbcd6a5e275_800x2cf6.jpg]
[responsimart.com/cdn/shop/products/jpg_797bf602-7379-4c2f-bb21-5e1a29ffbd21_1024x2cf6.jpg]
[responsimart.com/cdn/shop/products/jpg_7b582307-1bfa-4187-bb97-bb0e3f0c433a_1024x2cf6.jpg]
[responsimart.com/cdn/shop/products/jpg_2e180a74-4be1-46bd-b4f3-bff895e34505_1024x2cf6.jpg]
[responsimart.com/cdn/shop/products/jpg_511846cb-642d-4b85-82d4-b986c378bd39_1024x2cf6.jpg]
[responsimart.com/cdn/shop/products/jpg_ff6f7a96-86fb-4d8f-9eea-c00b91a9dd7a_1024x2cf6.jpg]
[responsimart.com/cdn/shop/products/jpg_a5ce5084-70c7-42cd-bed9-ffbcd6a5e275_1024x2cf6.jpg]
[responsimart.com/products/jaqueta-de-couro-masculina-vintage.html]
[responsimart.com/cdn/shop/products/H9b7afa5095b54d6db7c544251bd168f1if931.jpg]
[responsimart.com/cdn/shop/products/H9b7afa5095b54d6db7c544251bd168f1i_600x600_crop_centerf931.jpg]
[responsimart.com/products/joelheira-magnetica.oembed]
[responsimart.com/cdn/shop/products/H9b7afa5095b54d6db7c544251bd168f1i_800xf931.jpg]
[responsimart.com/cdn/shop/products/H29349579620e482f92ee4007e6046c6eq_800xf931.jpg]
[responsimart.com/cdn/shop/products/H4be9da1cb42f484cb2e25ac5ec5cd23dY_800xf931.jpg]
[responsimart.com/cdn/shop/products/Hf40bae4f5edf406e90e8cb026038ff6fn_800xf931.jpg]
[responsimart.com/cdn/shop/products/Hdd2f794ae033453bb38a615e7098b9b6A_800xf931.jpg]
[responsimart.com/cdn/shop/products/AlyvioJoelheiraMagneticadeturmalinaartrosedesgasteinflamacoes-StoreUtilidades_800xf931.jpg]
[responsimart.com/cdn/shop/products/H9b7afa5095b54d6db7c544251bd168f1i_1024xf931.jpg]
[responsimart.com/cdn/shop/products/H29349579620e482f92ee4007e6046c6eq_1024xf931.jpg]
[responsimart.com/cdn/shop/products/H4be9da1cb42f484cb2e25ac5ec5cd23dY_1024xf931.jpg]
[responsimart.com/cdn/shop/products/Hf40bae4f5edf406e90e8cb026038ff6fn_1024xf931.jpg]
[responsimart.com/cdn/shop/products/Hdd2f794ae033453bb38a615e7098b9b6A_1024xf931.jpg]
[responsimart.com/cdn/shop/products/AlyvioJoelheiraMagneticadeturmalinaartrosedesgasteinflamacoes-StoreUtilidades_1024xf931.jpg]
[responsimart.com/products/joelheira-magnetica.html]
[responsimart.com/collections/3a7c1d-2.myshopify.com]
[responsimart.com/collections/GET.html]
[responsimart.com/collections/window.location.href]
[responsimart.com/collections/url.html]
[responsimart.com/pages/POST.html]
[responsimart.com/pages/3a7c1d-2.myshopify.com]
[responsimart.com/pages/GET.html]
[responsimart.com/pages/window.location.href]
[responsimart.com/pages/url.html]
[responsimart.com/cdn/shop/products/Sc03d4f37207d468aa93d20006e811272T7d83.jpg]
[responsimart.com/cdn/shop/products/Sc03d4f37207d468aa93d20006e811272T_600x600_crop_center7d83.jpg]
[responsimart.com/products/porta-talheres-de-inox-para-pia.oembed]
[responsimart.com/cdn/shop/products/Sc03d4f37207d468aa93d20006e811272T_800x7d83.jpg]
[responsimart.com/cdn/shop/products/S5bbbf9adf57e4916838b04380b522f30p_800x7d83.jpg]
[responsimart.com/cdn/shop/products/talheres-de-cozinha-organizador-faca-sup_main-2_800x7d83.jpg]
[responsimart.com/cdn/shop/products/talheres-de-cozinha-organizador-faca-sup_main-1_800x7d83.jpg]
[responsimart.com/cdn/shop/products/talheres-de-cozinha-organizador-faca-sup_main-3_800x7d83.jpg]
[responsimart.com/cdn/shop/products/suporte-de-talheres-em-aco-inoxidavel-s_main-0_800x7d83.jpg]
[responsimart.com/cdn/shop/products/Sc03d4f37207d468aa93d20006e811272T_1024x7d83.jpg]
[responsimart.com/cdn/shop/products/S5bbbf9adf57e4916838b04380b522f30p_1024x7d83.jpg]
[responsimart.com/cdn/shop/products/talheres-de-cozinha-organizador-faca-sup_main-2_1024x7d83.jpg]
[responsimart.com/cdn/shop/products/talheres-de-cozinha-organizador-faca-sup_main-1_1024x7d83.jpg]
[responsimart.com/cdn/shop/products/talheres-de-cozinha-organizador-faca-sup_main-3_1024x7d83.jpg]
[responsimart.com/cdn/shop/products/suporte-de-talheres-em-aco-inoxidavel-s_main-0_1024x7d83.jpg]
[responsimart.com/products/porta-talheres-de-inox-para-pia.html]
[responsimart.com/cdn/shop/products/Sada842b75bac47eab332868ca0cb98581889f.jpg]
[responsimart.com/cdn/shop/products/Sada842b75bac47eab332868ca0cb98581_600x600_crop_center889f.jpg]
[responsimart.com/products/organizador-de-cabos-e-tomadas.oembed]
[responsimart.com/cdn/shop/products/Sada842b75bac47eab332868ca0cb98581_800x889f.jpg]
[responsimart.com/cdn/shop/products/S685a0835af234a0a817db6c4ac576fedD_800x889f.jpg]
[responsimart.com/cdn/shop/products/S3e1e8b719ae04cdf8cb8e973af72872be_800x889f.jpg]
[responsimart.com/cdn/shop/products/S371f34eb08d448b1a48d26fe031086bdx_800x889f.jpg]
[responsimart.com/cdn/shop/products/S92f528f98f674c8084060efc047d1996M_800x889f.jpg]
[responsimart.com/cdn/shop/products/S95c5f016359b4307bb7d26c2453202e5e_800x889f.jpg]
[responsimart.com/cdn/shop/products/S6b6a95ac504e4a67be078704636892a2G_800x889f.jpg]
[responsimart.com/cdn/shop/products/S4667f74bbfb8428aa5588c812c82c2d3M_800x889f.jpg]
[responsimart.com/cdn/shop/products/Sada842b75bac47eab332868ca0cb98581_1024x889f.jpg]
[responsimart.com/cdn/shop/products/S685a0835af234a0a817db6c4ac576fedD_1024x889f.jpg]
[responsimart.com/cdn/shop/products/S3e1e8b719ae04cdf8cb8e973af72872be_1024x889f.jpg]
[responsimart.com/cdn/shop/products/S371f34eb08d448b1a48d26fe031086bdx_1024x889f.jpg]
[responsimart.com/cdn/shop/products/S92f528f98f674c8084060efc047d1996M_1024x889f.jpg]
[responsimart.com/cdn/shop/products/S95c5f016359b4307bb7d26c2453202e5e_1024x889f.jpg]
[responsimart.com/cdn/shop/products/S6b6a95ac504e4a67be078704636892a2G_1024x889f.jpg]
[responsimart.com/cdn/shop/products/S4667f74bbfb8428aa5588c812c82c2d3M_1024x889f.jpg]
[responsimart.com/products/organizador-de-cabos-e-tomadas.html]
[responsimart.com/cdn/shop/products/SaboneteiraMonumentalPremium12d83.jpg]
[responsimart.com/cdn/shop/products/SaboneteiraMonumentalPremium1_600x600_crop_center2d83.jpg]
[responsimart.com/products/saboneteira-para-banheiro.oembed]
[responsimart.com/cdn/shop/products/SaboneteiraMonumentalPremium1_800x2d83.jpg]
[responsimart.com/cdn/shop/products/SaboneteiraMonumentalPremium12_800x2d83.jpg]
[responsimart.com/cdn/shop/products/SaboneteiraMonumentalPremium11_800x2d83.jpg]
[responsimart.com/cdn/shop/products/SaboneteiraMonumentalPremium5_800x2d83.jpg]
[responsimart.com/cdn/shop/products/SaboneteiraMonumentalPremium8_800x2d83.jpg]
[responsimart.com/cdn/shop/products/SaboneteiraMonumentalPremium9_800x2d83.jpg]
[responsimart.com/cdn/shop/products/SaboneteiraMonumentalPremium6_800x2d83.jpg]
[responsimart.com/cdn/shop/products/SaboneteiraMonumentalPremium3_800x2d83.jpg]
[responsimart.com/cdn/shop/products/SaboneteiraMonumentalPremium2_800x2d83.jpg]
[responsimart.com/cdn/shop/products/SaboneteiraMonumentalPremium4_800x2d83.jpg]
[responsimart.com/cdn/shop/products/SaboneteiraMonumentalPremium1_1024x2d83.jpg]
[responsimart.com/cdn/shop/products/SaboneteiraMonumentalPremium12_1024x2d83.jpg]
[responsimart.com/cdn/shop/products/SaboneteiraMonumentalPremium11_1024x2d83.jpg]
[responsimart.com/cdn/shop/products/SaboneteiraMonumentalPremium5_1024x2d83.jpg]
[responsimart.com/cdn/shop/products/SaboneteiraMonumentalPremium8_1024x2d83.jpg]
[responsimart.com/cdn/shop/products/SaboneteiraMonumentalPremium9_1024x2d83.jpg]
[responsimart.com/cdn/shop/products/SaboneteiraMonumentalPremium6_1024x2d83.jpg]
[responsimart.com/cdn/shop/products/SaboneteiraMonumentalPremium3_1024x2d83.jpg]
[responsimart.com/cdn/shop/products/SaboneteiraMonumentalPremium2_1024x2d83.jpg]
[responsimart.com/cdn/shop/products/SaboneteiraMonumentalPremium4_1024x2d83.jpg]
[responsimart.com/products/saboneteira-para-banheiro.html]
[responsimart.com/products/pano-magico.oembed]
[responsimart.com/cdn/shop/products/1-main-pano-de-limpeza-de-cozinha-eficiente-pano-de-limpeza-antilubrificante-e-eficiente-para-limpar-a-casa-lavar-louca-toalha-de-limpeza-com-10-pecas_1024x_7a06c0e0-961a-6]
[responsimart.com/cdn/shop/products/Imagem3_1024x_8dd08a86-fde6-489a-9877-fed0a08f9bd3_800x48cf.png]
[responsimart.com/cdn/shop/products/3rd_2000x_349201e7-668d-4ef7-a211-1c515ff130ec_800x48cf.jpg]
[responsimart.com/cdn/shop/products/Imagem3_1024x_8dd08a86-fde6-489a-9877-fed0a08f9bd3_1024x48cf.png]
[responsimart.com/cdn/shop/products/3rd_2000x_349201e7-668d-4ef7-a211-1c515ff130ec_1024x48cf.jpg]
[responsimart.com/products/pano-magico.html]
[responsimart.com/cdn/shop/products/Hb1ad15ba51a044ba945cd07b61e2e2e1hec61.jpg]
[responsimart.com/cdn/shop/products/Hb1ad15ba51a044ba945cd07b61e2e2e1h_600x600_crop_centerec61.jpg]
[responsimart.com/products/triturador-de-alho.oembed]
[responsimart.com/cdn/shop/products/Hb1ad15ba51a044ba945cd07b61e2e2e1h_800xec61.jpg]
[responsimart.com/cdn/shop/products/Hf583a42b07c246b7b7296a4ff794d2850_800xec61.jpg]
[responsimart.com/cdn/shop/products/Hc89301e6c22b44f5bf909379aba16534B_800xec61.jpg]
[responsimart.com/cdn/shop/products/Hb795999ee3574cdb857d2273d7830047n_800xec61.jpg]
[responsimart.com/cdn/shop/products/H1ea0e912869c4a43aa28b8846796c32eL_800xec61.jpg]
[responsimart.com/cdn/shop/products/H1d22b26fdbe24dc7ac8b69528af4acd2e_800xec61.jpg]
[responsimart.com/cdn/shop/products/H183e09e20c744f25b2083bf98c70ec70r_800xec61.jpg]
[responsimart.com/cdn/shop/products/Hfc1954a546934262a3211d3623b4f2c30_800xec61.jpg]
[responsimart.com/cdn/shop/products/Hb1ad15ba51a044ba945cd07b61e2e2e1h_1024xec61.jpg]
[responsimart.com/cdn/shop/products/Hf583a42b07c246b7b7296a4ff794d2850_1024xec61.jpg]
[responsimart.com/cdn/shop/products/Hc89301e6c22b44f5bf909379aba16534B_1024xec61.jpg]
[responsimart.com/cdn/shop/products/Hb795999ee3574cdb857d2273d7830047n_1024xec61.jpg]
[responsimart.com/cdn/shop/products/H1ea0e912869c4a43aa28b8846796c32eL_1024xec61.jpg]
[responsimart.com/cdn/shop/products/H1d22b26fdbe24dc7ac8b69528af4acd2e_1024xec61.jpg]
[responsimart.com/cdn/shop/products/H183e09e20c744f25b2083bf98c70ec70r_1024xec61.jpg]
[responsimart.com/cdn/shop/products/Hfc1954a546934262a3211d3623b4f2c30_1024xec61.jpg]
[responsimart.com/products/triturador-de-alho.html]
[responsimart.com/products/kit-batom-labios-perfeitos.oembed]
[responsimart.com/cdn/shop/products/handaiyan-r-kit-labios-perfeitos-hidratante-e-anti-borrao-curso-de-automaquiagem-femme-brasil-1_800x7d86.jpg]
[responsimart.com/cdn/shop/products/handaiyan-r-kit-labios-perfeitos-hidratante-e-anti-borrao-curso-de-automaquiagem-femme-brasil-2_800x7d86.jpg]
[responsimart.com/cdn/shop/products/handaiyan-r-kit-labios-perfeitos-hidratante-e-anti-borrao-curso-de-automaquiagem-femme-brasil-1_1024x7d86.jpg]
[responsimart.com/cdn/shop/products/handaiyan-r-kit-labios-perfeitos-hidratante-e-anti-borrao-curso-de-automaquiagem-femme-brasil-2_1024x7d86.jpg]
[responsimart.com/products/kit-batom-labios-perfeitos.html]
[responsimart.com/cdn/shop/products/magicstick-r-sombra-degrade-em-bastao-femme-brasil-15ca1.png]
[responsimart.com/cdn/shop/products/magicstick-r-sombra-degrade-em-bastao-femme-brasil-1_600x600_crop_center5ca1.png]
[responsimart.com/products/sombra-degrade-em-bastao.oembed]
[responsimart.com/cdn/shop/products/magicstick-r-sombra-degrade-em-bastao-femme-brasil-1_800x5ca1.png]
[responsimart.com/cdn/shop/products/magicstick-r-sombra-degrade-em-bastao-femme-brasil-2_800x5ca1.png]
[responsimart.com/cdn/shop/products/magicstick-r-sombra-degrade-em-bastao-femme-brasil-3_800x5ca1.png]
[responsimart.com/cdn/shop/products/magicstick-r-sombra-degrade-em-bastao-femme-brasil-4_800x5ca1.png]
[responsimart.com/cdn/shop/products/magicstick-r-sombra-degrade-em-bastao-femme-brasil-5_800x5ca1.png]
[responsimart.com/cdn/shop/products/magicstick-r-sombra-degrade-em-bastao-femme-brasil-6_800x5ca1.png]
[responsimart.com/cdn/shop/products/magicstick-r-sombra-degrade-em-bastao-femme-brasil-7_800x5ca1.png]
[responsimart.com/cdn/shop/products/imagem_2024-01-18_012501608_800x5ca1.png]
[responsimart.com/cdn/shop/products/magicstick-r-sombra-degrade-em-bastao-femme-brasil-1_1024x5ca1.png]
[responsimart.com/cdn/shop/products/magicstick-r-sombra-degrade-em-bastao-femme-brasil-2_1024x5ca1.png]
[responsimart.com/cdn/shop/products/magicstick-r-sombra-degrade-em-bastao-femme-brasil-3_1024x5ca1.png]
[responsimart.com/cdn/shop/products/magicstick-r-sombra-degrade-em-bastao-femme-brasil-4_1024x5ca1.png]
[responsimart.com/cdn/shop/products/magicstick-r-sombra-degrade-em-bastao-femme-brasil-5_1024x5ca1.png]
[responsimart.com/cdn/shop/products/magicstick-r-sombra-degrade-em-bastao-femme-brasil-6_1024x5ca1.png]
[responsimart.com/cdn/shop/products/magicstick-r-sombra-degrade-em-bastao-femme-brasil-7_1024x5ca1.png]
[responsimart.com/cdn/shop/products/imagem_2024-01-18_012501608_1024x5ca1.png]
[responsimart.com/products/sombra-degrade-em-bastao.html]
[responsimart.com/cdn/shop/products/Sa97900ff3918419fb507c0d9bc876a51Ude91.jpg]
[responsimart.com/cdn/shop/products/Sa97900ff3918419fb507c0d9bc876a51U_600x600_crop_centerde91.jpg]
[responsimart.com/products/massageador-corporal-portatil-pague-1-e-leve-2.oembed]
[responsimart.com/cdn/shop/products/Sa97900ff3918419fb507c0d9bc876a51U_800xde91.jpg]
[responsimart.com/cdn/shop/products/MassageadorCorporalEletricoProfissionalElite1_480x480_6c7fee7a-3666-4b39-bbfa-206fd7db6cb3_800xde91.jpg]
[responsimart.com/cdn/shop/products/MassageadorCorporalEletricoProfissionalElite4_480x480_9fd49797-aebb-4245-9da6-225cd43413ae_800xde91.jpg]
[responsimart.com/cdn/shop/products/MassageadorCorporalEletricoProfissionalElite_480x480_88b4a07d-9b85-4626-96bb-ba447592d626_800xde91.jpg]
[responsimart.com/cdn/shop/products/D_NQ_NP_2X_645561-MLU69871989568_062023-F_800xde91.jpg]
[responsimart.com/cdn/shop/products/Sa97900ff3918419fb507c0d9bc876a51U_1024xde91.jpg]
[responsimart.com/cdn/shop/products/MassageadorCorporalEletricoProfissionalElite1_480x480_6c7fee7a-3666-4b39-bbfa-206fd7db6cb3_1024xde91.jpg]
[responsimart.com/cdn/shop/products/MassageadorCorporalEletricoProfissionalElite4_480x480_9fd49797-aebb-4245-9da6-225cd43413ae_1024xde91.jpg]
[responsimart.com/cdn/shop/products/MassageadorCorporalEletricoProfissionalElite_480x480_88b4a07d-9b85-4626-96bb-ba447592d626_1024xde91.jpg]
[responsimart.com/cdn/shop/products/D_NQ_NP_2X_645561-MLU69871989568_062023-F_1024xde91.jpg]
[responsimart.com/products/massageador-corporal-portatil-pague-1-e-leve-2.html]
[responsimart.com/account/POST.html]
[responsimart.com/account/3a7c1d-2.myshopify.html]
[responsimart.com/account/GET.html]
[responsimart.com/account/window.location.html]
[responsimart.com/account/url.html]
[responsimart.com/products/POST.html]
[responsimart.com/products/3a7c1d-2.myshopify.com]
[responsimart.com/products/GET.html]
[responsimart.com/products/window.location.href]
[responsimart.com/products/url.html]
[responsimart.com/cdn/shop/products/6388fbb70a944274a402687669e0373d5ad0.jpg]
[responsimart.com/cdn/shop/products/6388fbb70a944274a402687669e0373d_600x600_crop_center5ad0.jpg]
[responsimart.com/products/oculos-acellerate-mercedes-benz.oembed]
[responsimart.com/cdn/shop/products/6388fbb70a944274a402687669e0373d_800x5ad0.jpg]
[responsimart.com/cdn/shop/files/5f21edac68a948b3b062b70e7f5dea22_800x5803.jpg]
[responsimart.com/cdn/shop/files/65be5cc352df4c7c9010ebc6b93428dc_800x594f.jpg]
[responsimart.com/cdn/shop/files/65be5cc352df4c7c9010ebc6b93428dc_89345b8e-321e-4f71-8a71-22aa5f7b62e2_800x3449.jpg]
[responsimart.com/cdn/shop/files/4330cd4393e04284a17f0b9278d9c39a_800xa9b8.jpg]
[responsimart.com/cdn/shop/files/f8889a159c3844b2a65506ce9abebd31_800x2b22.jpg]
[responsimart.com/cdn/shop/files/6d228e95623f4fcd99521d60dcfe2889_800x3813.jpg]
[responsimart.com/cdn/shop/files/a8d77ac915354aaebb46a2f06599277a_800x4fee.jpg]
[responsimart.com/cdn/shop/files/7036610c04244a8b8257c8c6e0f1b438_800xb55a.jpg]
[responsimart.com/cdn/shop/files/09f05bf9a3a04388ac168e9798cfb3ff_800x4972.jpg]
[responsimart.com/cdn/shop/files/bc074530b46d47d3ad36e35974ea1de8_800xae49.jpg]
[responsimart.com/cdn/shop/files/e72c5e7848ef46fa8fd705f54da4d525_800xffad.jpg]
[responsimart.com/cdn/shop/files/1d88039d1e414c2b9cdd931132022114_800x867c.jpg]
[responsimart.com/cdn/shop/files/a8499bd3bfc146af92d7ce18fc034e70_800xbdb2.jpg]
[responsimart.com/cdn/shop/files/a8499bd3bfc146af92d7ce18fc034e70_888c0cf7-5954-4602-b3ed-141caaad4a89_800x4570.jpg]
[responsimart.com/cdn/shop/files/b11c6f90a6e846f195bb882b206837fa_800x0daf.jpg]
[responsimart.com/cdn/shop/files/55d23581c6e84760b754f639d8e33938_800x3ecf.jpg]
[responsimart.com/cdn/shop/files/59230a4211544ccabeddceea1bba9c88_800x0cae.jpg]
[responsimart.com/cdn/shop/files/61bc412b1098421abae9428081e7a1bb_800x3d06.jpg]
[responsimart.com/cdn/shop/files/8ebecec057614f54938b721eda9947f2_800x1cbc.jpg]
[responsimart.com/cdn/shop/files/d434af6a48344075b2ff1584c5977bef_800x27be.jpg]
[responsimart.com/cdn/shop/files/81a9e24b40b54872a5fc0d0c971baa3b_800xafd8.jpg]
[responsimart.com/cdn/shop/files/f2ba7491311c4d63a958db27aa5352c8_800xff54.jpg]
[responsimart.com/cdn/shop/files/2f6c88b378d04bd19b717792e49cff8b_800xf59e.jpg]
[responsimart.com/cdn/shop/products/6388fbb70a944274a402687669e0373d_1024x5ad0.jpg]
[responsimart.com/cdn/shop/files/5f21edac68a948b3b062b70e7f5dea22_1024x5803.jpg]
[responsimart.com/cdn/shop/files/65be5cc352df4c7c9010ebc6b93428dc_1024x594f.jpg]
[responsimart.com/cdn/shop/files/65be5cc352df4c7c9010ebc6b93428dc_89345b8e-321e-4f71-8a71-22aa5f7b62e2_1024x3449.jpg]
[responsimart.com/cdn/shop/files/4330cd4393e04284a17f0b9278d9c39a_1024xa9b8.jpg]
[responsimart.com/cdn/shop/files/f8889a159c3844b2a65506ce9abebd31_1024x2b22.jpg]
[responsimart.com/cdn/shop/files/6d228e95623f4fcd99521d60dcfe2889_1024x3813.jpg]
[responsimart.com/cdn/shop/files/a8d77ac915354aaebb46a2f06599277a_1024x4fee.jpg]
[responsimart.com/cdn/shop/files/7036610c04244a8b8257c8c6e0f1b438_1024xb55a.jpg]
[responsimart.com/cdn/shop/files/09f05bf9a3a04388ac168e9798cfb3ff_1024x4972.jpg]
[responsimart.com/cdn/shop/files/bc074530b46d47d3ad36e35974ea1de8_1024xae49.jpg]
[responsimart.com/cdn/shop/files/e72c5e7848ef46fa8fd705f54da4d525_1024xffad.jpg]
[responsimart.com/cdn/shop/files/1d88039d1e414c2b9cdd931132022114_1024x867c.jpg]
[responsimart.com/cdn/shop/files/a8499bd3bfc146af92d7ce18fc034e70_1024xbdb2.jpg]
[responsimart.com/cdn/shop/files/a8499bd3bfc146af92d7ce18fc034e70_888c0cf7-5954-4602-b3ed-141caaad4a89_1024x4570.jpg]
[responsimart.com/cdn/shop/files/b11c6f90a6e846f195bb882b206837fa_1024x0daf.jpg]
[responsimart.com/cdn/shop/files/55d23581c6e84760b754f639d8e33938_1024x3ecf.jpg]
[responsimart.com/cdn/shop/files/59230a4211544ccabeddceea1bba9c88_1024x0cae.jpg]
[responsimart.com/cdn/shop/files/61bc412b1098421abae9428081e7a1bb_1024x3d06.jpg]
[responsimart.com/cdn/shop/files/8ebecec057614f54938b721eda9947f2_1024x1cbc.jpg]
[responsimart.com/cdn/shop/files/d434af6a48344075b2ff1584c5977bef_1024x27be.jpg]
[responsimart.com/cdn/shop/files/81a9e24b40b54872a5fc0d0c971baa3b_1024xafd8.jpg]
[responsimart.com/cdn/shop/files/f2ba7491311c4d63a958db27aa5352c8_1024xff54.jpg]
[responsimart.com/cdn/shop/files/2f6c88b378d04bd19b717792e49cff8b_1024xf59e.jpg]
[responsimart.com/products/oculos-acellerate-mercedes-benz.html]
[responsimart.com/cdn/shopifycloud/shopify/assets/storefront/policy-3e4aa3c07a3a61780d16bc4b828d2fef9e1a20a44aae36e029a7b98e5ee5a4d0.css]
[responsimart.com/policies/POST.html]
[responsimart.com/policies/3a7c1d-2.myshopify.com]
[responsimart.com/policies/GET.html]
[responsimart.com/policies/window.location.href]
[responsimart.com/policies/url.html]
[cdn.shopify.com/bk-ajax-loader-e7b44c86.html]
[responsimart.com/cdn/fonts/inter/inter_n6.f376a8167febc541e642518027b9ec9b9121420c28b8.woff2]
[responsimart.com/cdn/fonts/inter/inter_n7.194c3d3f64efd8e4c82bbbe83dc84f5893fd90875c33.woff]
[responsimart.com/collections/all2679.html]
